Component: ARM Compiler 6.14 Tool: armlink [5db06800]

==============================================================================

Section Cross References

    startup_stm32f429xx.o(RESET) refers to startup_stm32f429xx.o(STACK) for __initial_sp
    startup_stm32f429xx.o(RESET) refers to startup_stm32f429xx.o(.text) for Reset_Handler
    startup_stm32f429xx.o(RESET) refers to stm32f4xx_it.o(.text.NMI_Handler) for NMI_Handler
    startup_stm32f429xx.o(RESET) refers to stm32f4xx_it.o(.text.HardFault_Handler) for HardFault_Handler
    startup_stm32f429xx.o(RESET) refers to stm32f4xx_it.o(.text.MemManage_Handler) for MemManage_Handler
    startup_stm32f429xx.o(RESET) refers to stm32f4xx_it.o(.text.BusFault_Handler) for BusFault_Handler
    startup_stm32f429xx.o(RESET) refers to stm32f4xx_it.o(.text.UsageFault_Handler) for UsageFault_Handler
    startup_stm32f429xx.o(RESET) refers to irq_cm4f.o(.text) for SVC_Handler
    startup_stm32f429xx.o(RESET) refers to stm32f4xx_it.o(.text.DebugMon_Handler) for DebugMon_Handler
    startup_stm32f429xx.o(.text) refers to system_stm32f4xx.o(.text.SystemInit) for SystemInit
    startup_stm32f429xx.o(.text) refers to entry.o(.ARM.Collect$$$$00000000) for __main
    main.o(.text.main) refers to stm32f4xx_hal.o(.text.HAL_Init) for HAL_Init
    main.o(.text.main) refers to main.o(.text.SystemClock_Config) for SystemClock_Config
    main.o(.text.main) refers to gpio.o(.text.MX_GPIO_Init) for MX_GPIO_Init
    main.o(.text.main) refers to rtx_kernel.o(.text.osKernelInitialize) for osKernelInitialize
    main.o(.text.main) refers to rtx_thread.o(.text.osThreadNew) for osThreadNew
    main.o(.text.main) refers to rtx_kernel.o(.text.osKernelStart) for osKernelStart
    main.o(.text.main) refers to init.o(.text.app_main) for app_main
    main.o(.text.main) refers to init.o(.rodata.app_main_attr) for app_main_attr
    main.o(.ARM.exidx.text.main) refers to main.o(.text.main) for [Anonymous Symbol]
    main.o(.text.SystemClock_Config) refers to stm32f4xx_hal_rcc.o(.text.HAL_RCC_OscConfig) for HAL_RCC_OscConfig
    main.o(.text.SystemClock_Config) refers to stm32f4xx_hal_pwr_ex.o(.text.HAL_PWREx_EnableOverDrive) for HAL_PWREx_EnableOverDrive
    main.o(.text.SystemClock_Config) refers to stm32f4xx_hal_rcc.o(.text.HAL_RCC_ClockConfig) for HAL_RCC_ClockConfig
    main.o(.ARM.exidx.text.SystemClock_Config) refers to main.o(.text.SystemClock_Config) for [Anonymous Symbol]
    main.o(.ARM.exidx.text.Error_Handler) refers to main.o(.text.Error_Handler) for [Anonymous Symbol]
    gpio.o(.text.MX_GPIO_Init) refers to stm32f4xx_hal_gpio.o(.text.HAL_GPIO_WritePin) for HAL_GPIO_WritePin
    gpio.o(.text.MX_GPIO_Init) refers to stm32f4xx_hal_gpio.o(.text.HAL_GPIO_Init) for HAL_GPIO_Init
    gpio.o(.ARM.exidx.text.MX_GPIO_Init) refers to gpio.o(.text.MX_GPIO_Init) for [Anonymous Symbol]
    sys.o(.ARM.exidx.text.MX_SYS_Init) refers to sys.o(.text.MX_SYS_Init) for [Anonymous Symbol]
    stm32f4xx_it.o(.ARM.exidx.text.NMI_Handler) refers to stm32f4xx_it.o(.text.NMI_Handler) for [Anonymous Symbol]
    stm32f4xx_it.o(.ARM.exidx.text.HardFault_Handler) refers to stm32f4xx_it.o(.text.HardFault_Handler) for [Anonymous Symbol]
    stm32f4xx_it.o(.ARM.exidx.text.MemManage_Handler) refers to stm32f4xx_it.o(.text.MemManage_Handler) for [Anonymous Symbol]
    stm32f4xx_it.o(.ARM.exidx.text.BusFault_Handler) refers to stm32f4xx_it.o(.text.BusFault_Handler) for [Anonymous Symbol]
    stm32f4xx_it.o(.ARM.exidx.text.UsageFault_Handler) refers to stm32f4xx_it.o(.text.UsageFault_Handler) for [Anonymous Symbol]
    stm32f4xx_it.o(.ARM.exidx.text.DebugMon_Handler) refers to stm32f4xx_it.o(.text.DebugMon_Handler) for [Anonymous Symbol]
    stm32f4xx_hal_msp.o(.ARM.exidx.text.HAL_MspInit) refers to stm32f4xx_hal_msp.o(.text.HAL_MspInit) for [Anonymous Symbol]
    led_thread.o(.text.led_thread) refers to rtx_delay.o(.text.osDelay) for osDelay
    led_thread.o(.ARM.exidx.text.led_thread) refers to led_thread.o(.text.led_thread) for [Anonymous Symbol]
    led_thread.o(.rodata.led_thread_attr) refers to led_thread.o(.rodata.str1.1) for .L.str
    led_thread.o(.rodata.led_thread_attr) refers to led_thread.o(.bss.led_thread_stk) for led_thread_stk
    init.o(.text.app_main) refers to rtx_thread.o(.text.osThreadNew) for osThreadNew
    init.o(.text.app_main) refers to main.o(.text.Error_Handler) for Error_Handler
    init.o(.text.app_main) refers to rtx_kernel.o(.text.osKernelGetTickCount) for osKernelGetTickCount
    init.o(.text.app_main) refers to rtx_delay.o(.text.osDelayUntil) for osDelayUntil
    init.o(.text.app_main) refers to led_thread.o(.text.led_thread) for led_thread
    init.o(.text.app_main) refers to led_thread.o(.rodata.led_thread_attr) for led_thread_attr
    init.o(.text.app_main) refers to led_thread.o(.bss.led_Thread_ID) for led_Thread_ID
    init.o(.text.app_main) refers to stm32f4xx_hal.o(.data..L_MergedGlobals) for uwTickFreq
    init.o(.text.app_main) refers to stm32f4xx_hal.o(.bss.uwTick) for uwTick
[...]
    rtx_msgqueue.c                           0x00000000   Number         0  rtx_msgqueue.o ABSOLUTE
    rtx_mutex.c                              0x00000000   Number         0  rtx_mutex.o ABSOLUTE
    rtx_semaphore.c                          0x00000000   Number         0  rtx_semaphore.o ABSOLUTE
    rtx_system.c                             0x00000000   Number         0  rtx_system.o ABSOLUTE
    rtx_thread.c                             0x00000000   Number         0  rtx_thread.o ABSOLUTE
    rtx_timer.c                              0x00000000   Number         0  rtx_timer.o ABSOLUTE
    startup_stm32f429xx.s                    0x00000000   Number         0  startup_stm32f429xx.o ABSOLUTE
    stm32f4xx_hal.c                          0x00000000   Number         0  stm32f4xx_hal.o ABSOLUTE
    stm32f4xx_hal_cortex.c                   0x00000000   Number         0  stm32f4xx_hal_cortex.o ABSOLUTE
    stm32f4xx_hal_dma.c                      0x00000000   Number         0  stm32f4xx_hal_dma.o ABSOLUTE
    stm32f4xx_hal_dma_ex.c                   0x00000000   Number         0  stm32f4xx_hal_dma_ex.o ABSOLUTE
    stm32f4xx_hal_exti.c                     0x00000000   Number         0  stm32f4xx_hal_exti.o ABSOLUTE
    stm32f4xx_hal_flash.c                    0x00000000   Number         0  stm32f4xx_hal_flash.o ABSOLUTE
    stm32f4xx_hal_flash_ex.c                 0x00000000   Number         0  stm32f4xx_hal_flash_ex.o ABSOLUTE
    stm32f4xx_hal_flash_ramfunc.c            0x00000000   Number         0  stm32f4xx_hal_flash_ramfunc.o ABSOLUTE
    stm32f4xx_hal_gpio.c                     0x00000000   Number         0  stm32f4xx_hal_gpio.o ABSOLUTE
    stm32f4xx_hal_msp.c                      0x00000000   Number         0  stm32f4xx_hal_msp.o ABSOLUTE
    stm32f4xx_hal_pwr.c                      0x00000000   Number         0  stm32f4xx_hal_pwr.o ABSOLUTE
    stm32f4xx_hal_pwr_ex.c                   0x00000000   Number         0  stm32f4xx_hal_pwr_ex.o ABSOLUTE
    stm32f4xx_hal_rcc.c                      0x00000000   Number         0  stm32f4xx_hal_rcc.o ABSOLUTE
    stm32f4xx_hal_rcc_ex.c                   0x00000000   Number         0  stm32f4xx_hal_rcc_ex.o ABSOLUTE
    stm32f4xx_hal_tim.c                      0x00000000   Number         0  stm32f4xx_hal_tim.o ABSOLUTE
    stm32f4xx_hal_tim_ex.c                   0x00000000   Number         0  stm32f4xx_hal_tim_ex.o ABSOLUTE
    stm32f4xx_it.c                           0x00000000   Number         0  stm32f4xx_it.o ABSOLUTE
    sys.c                                    0x00000000   Number         0  sys.o ABSOLUTE
    system_stm32f4xx.c                       0x00000000   Number         0  system_stm32f4xx.o ABSOLUTE
    RESET                                    0x08000000   Section      428  startup_stm32f429xx.o(RESET)
    .ARM.Collect$$$$00000000                 0x080001ac   Section        0  entry.o(.ARM.Collect$$$$00000000)
    .ARM.Collect$$$$00000001                 0x080001ac   Section        4  entry2.o(.ARM.Collect$$$$00000001)
    .ARM.Collect$$$$00000004                 0x080001b0   Section        4  entry5.o(.ARM.Collect$$$$00000004)
    .ARM.Collect$$$$00000008                 0x080001b4   Section        0  entry7b.o(.ARM.Collect$$$$00000008)
    .ARM.Collect$$$$0000000A                 0x080001b4   Section        0  entry8b.o(.ARM.Collect$$$$0000000A)
    .ARM.Collect$$$$0000000B                 0x080001b4   Section        8  entry9a.o(.ARM.Collect$$$$0000000B)
    __lit__00000000                          0x080001bc   Data           4  entry2.o(.ARM.Collect$$$$00002712)
    .ARM.Collect$$$$0000000D                 0x080001bc   Section        0  entry10a.o(.ARM.Collect$$$$0000000D)
    .ARM.Collect$$$$0000000F                 0x080001bc   Section        0  entry11a.o(.ARM.Collect$$$$0000000F)
    .ARM.Collect$$$$00002712                 0x080001bc   Section        4  entry2.o(.ARM.Collect$$$$00002712)
    $v0                                      0x080001c0   Number         0  startup_stm32f429xx.o(.text)
    .text                                    0x080001c0   Section       76  startup_stm32f429xx.o(.text)
    $v0                                      0x0800020c   Number         0  irq_cm4f.o(.text)
    .text                                    0x0800020c   Section      196  irq_cm4f.o(.text)
    .text                                    0x080002d0   Section        0  uldiv.o(.text)
    .text                                    0x08000332   Section        0  memcpya.o(.text)
    .text                                    0x08000356   Section        0  memseta.o(.text)
    .text                                    0x0800037a   Section        0  llshl.o(.text)
    .text                                    0x08000398   Section        0  llushr.o(.text)
    .text                                    0x080003b8   Section       36  init.o(.text)
    [Anonymous Symbol]                       0x080003dc   Section        0  stm32f4xx_it.o(.text.BusFault_Handler)
    [Anonymous Symbol]                       0x080003de   Section        0  stm32f4xx_it.o(.text.DebugMon_Handler)
    [Anonymous Symbol]                       0x080003e0   Section        0  main.o(.text.Error_Handler)
    [Anonymous Symbol]                       0x080003e2   Section        0  rtx_evr.o(.text.EvrRtxDelay)
    [Anonymous Symbol]                       0x080003e4   Section        0  rtx_evr.o(.text.EvrRtxDelayCompleted)
    [Anonymous Symbol]                       0x080003e6   Section        0  rtx_evr.o(.text.EvrRtxDelayError)
    [Anonymous Symbol]                       0x080003e8   Section        0  rtx_evr.o(.text.EvrRtxDelayStarted)
    [Anonymous Symbol]                       0x080003ea   Section        0  rtx_evr.o(.text.EvrRtxDelayUntil)
    [Anonymous Symbol]                       0x080003ec   Section        0  rtx_evr.o(.text.EvrRtxDelayUntilStarted)
    [Anonymous Symbol]                       0x080003ee   Section        0  rtx_evr.o(.text.EvrRtxEventFlagsWaitTimeout)
    [Anonymous Symbol]                       0x080003f0   Section        0  rtx_evr.o(.text.EvrRtxKernelError)
    [Anonymous Symbol]                       0x080003f2   Section        0  rtx_evr.o(.text.EvrRtxKernelGetTickCount)
    [Anonymous Symbol]                       0x080003f4   Section        0  rtx_evr.o(.text.EvrRtxKernelInitialize)
    [Anonymous Symbol]                       0x080003f6   Section        0  rtx_evr.o(.text.EvrRtxKernelInitialized)
    [Anonymous Symbol]                       0x080003f8   Section        0  rtx_evr.o(.text.EvrRtxKernelStart)
    [Anonymous Symbol]                       0x080003fa   Section        0  rtx_evr.o(.text.EvrRtxKernelStarted)
    [Anonymous Symbol]                       0x080003fc   Section        0  rtx_evr.o(.text.EvrRtxMemoryAlloc)
    [Anonymous Symbol]                       0x080003fe   Section        0  rtx_evr.o(.text.EvrRtxMemoryBlockAlloc)
    [Anonymous Symbol]                       0x08000400   Section        0  rtx_evr.o(.text.EvrRtxMemoryBlockFree)
    [Anonymous Symbol]                       0x08000402   Section        0  rtx_evr.o(.text.EvrRtxMemoryBlockInit)
    [Anonymous Symbol]                       0x08000404   Section        0  rtx_evr.o(.text.EvrRtxMemoryFree)
    [Anonymous Symbol]                       0x08000406   Section        0  rtx_evr.o(.text.EvrRtxMemoryInit)
    [Anonymous Symbol]                       0x08000408   Section        0  rtx_evr.o(.text.EvrRtxMemoryPoolAllocTimeout)
    [Anonymous Symbol]                       0x0800040a   Section        0  rtx_evr.o(.text.EvrRtxMessageQueueCreated)
    [Anonymous Symbol]                       0x0800040c   Section        0  rtx_evr.o(.text.EvrRtxMessageQueueError)
    [Anonymous Symbol]                       0x0800040e   Section        0  rtx_evr.o(.text.EvrRtxMessageQueueGet)
    [Anonymous Symbol]                       0x08000410   Section        0  rtx_evr.o(.text.EvrRtxMessageQueueGetPending)
    [Anonymous Symbol]                       0x08000412   Section        0  rtx_evr.o(.text.EvrRtxMessageQueueGetTimeout)
    [Anonymous Symbol]                       0x08000414   Section        0  rtx_evr.o(.text.EvrRtxMessageQueueInsertPending)
    [Anonymous Symbol]                       0x08000416   Section        0  rtx_evr.o(.text.EvrRtxMessageQueueInserted)
    [Anonymous Symbol]                       0x08000418   Section        0  rtx_evr.o(.text.EvrRtxMessageQueueNew)
    [Anonymous Symbol]                       0x0800041a   Section        0  rtx_evr.o(.text.EvrRtxMessageQueueNotInserted)
    [Anonymous Symbol]                       0x0800041c   Section        0  rtx_evr.o(.text.EvrRtxMessageQueueNotRetrieved)
    [Anonymous Symbol]                       0x0800041e   Section        0  rtx_evr.o(.text.EvrRtxMessageQueuePut)
    [Anonymous Symbol]                       0x08000420   Section        0  rtx_evr.o(.text.EvrRtxMessageQueuePutPending)
    [Anonymous Symbol]                       0x08000422   Section        0  rtx_evr.o(.text.EvrRtxMessageQueuePutTimeout)
    [Anonymous Symbol]                       0x08000424   Section        0  rtx_evr.o(.text.EvrRtxMessageQueueRetrieved)
    [Anonymous Symbol]                       0x08000426   Section        0  rtx_evr.o(.text.EvrRtxMutexAcquireTimeout)
    [Anonymous Symbol]                       0x08000428   Section        0  rtx_evr.o(.text.EvrRtxMutexAcquired)
    [Anonymous Symbol]                       0x0800042a   Section        0  rtx_evr.o(.text.EvrRtxMutexReleased)
    [Anonymous Symbol]                       0x0800042c   Section        0  rtx_evr.o(.text.EvrRtxSemaphoreAcquireTimeout)
    [Anonymous Symbol]                       0x0800042e   Section        0  rtx_evr.o(.text.EvrRtxThreadBlocked)
    [Anonymous Symbol]                       0x08000430   Section        0  rtx_evr.o(.text.EvrRtxThreadCreated)
    [Anonymous Symbol]                       0x08000432   Section        0  rtx_evr.o(.text.EvrRtxThreadDestroyed)
    [Anonymous Symbol]                       0x08000434   Section        0  rtx_evr.o(.text.EvrRtxThreadError)
    [Anonymous Symbol]                       0x08000436   Section        0  rtx_evr.o(.text.EvrRtxThreadExit)
    [Anonymous Symbol]                       0x08000438   Section        0  rtx_evr.o(.text.EvrRtxThreadFlagsWaitCompleted)
    [Anonymous Symbol]                       0x0800043a   Section        0  rtx_evr.o(.text.EvrRtxThreadFlagsWaitTimeout)
    [Anonymous Symbol]                       0x0800043c   Section        0  rtx_evr.o(.text.EvrRtxThreadJoined)
    [Anonymous Symbol]                       0x0800043e   Section        0  rtx_evr.o(.text.EvrRtxThreadNew)
    [Anonymous Symbol]                       0x08000440   Section        0  rtx_evr.o(.text.EvrRtxThreadPreempted)
    [Anonymous Symbol]                       0x08000442   Section        0  rtx_evr.o(.text.EvrRtxThreadSwitched)
    [Anonymous Symbol]                       0x08000444   Section        0  rtx_evr.o(.text.EvrRtxThreadUnblocked)
    [Anonymous Symbol]                       0x08000446   Section        0  rtx_evr.o(.text.EvrRtxTimerCallback)
    [Anonymous Symbol]                       0x08000448   Section        0  stm32f4xx_hal_gpio.o(.text.HAL_GPIO_Init)
    __arm_cp.0_0                             0x080005c8   Number         4  stm32f4xx_hal_gpio.o(.text.HAL_GPIO_Init)
    __arm_cp.0_1                             0x080005cc   Number         4  stm32f4xx_hal_gpio.o(.text.HAL_GPIO_Init)
    __arm_cp.0_2                             0x080005d0   Number         4  stm32f4xx_hal_gpio.o(.text.HAL_GPIO_Init)
    __arm_cp.0_3                             0x080005d4   Number         4  stm32f4xx_hal_gpio.o(.text.HAL_GPIO_Init)
    __arm_cp.0_4                             0x080005d8   Number         4  stm32f4xx_hal_gpio.o(.text.HAL_GPIO_Init)
    __arm_cp.0_5                             0x080005dc   Number         4  stm32f4xx_hal_gpio.o(.text.HAL_GPIO_Init)
    [Anonymous Symbol]                       0x080005e0   Section        0  stm32f4xx_hal_gpio.o(.text.HAL_GPIO_WritePin)
    [Anonymous Symbol]                       0x080005ec   Section        0  stm32f4xx_hal.o(.text.HAL_GetTick)
    __arm_cp.6_0                             0x080005f4   Number         4  stm32f4xx_hal.o(.text.HAL_GetTick)
    [Anonymous Symbol]                       0x080005f8   Section        0  stm32f4xx_hal.o(.text.HAL_Init)
    __arm_cp.0_0                             0x08000628   Number         4  stm32f4xx_hal.o(.text.HAL_Init)
    [Anonymous Symbol]                       0x0800062c   Section        0  stm32f4xx_hal.o(.text.HAL_InitTick)
    __arm_cp.1_0                             0x08000664   Number         4  stm32f4xx_hal.o(.text.HAL_InitTick)
    [Anonymous Symbol]                       0x08000668   Section        0  stm32f4xx_hal_msp.o(.text.HAL_MspInit)
    [Anonymous Symbol]                       0x0800069c   Section        0  stm32f4xx_hal_cortex.o(.text.HAL_NVIC_SetPriority)
    [Anonymous Symbol]                       0x080006d4   Section        0  stm32f4xx_hal_cortex.o(.text.HAL_NVIC_SetPriorityGrouping)
    __arm_cp.0_0                             0x080006ec   Number         4  stm32f4xx_hal_cortex.o(.text.HAL_NVIC_SetPriorityGrouping)
    __arm_cp.0_1                             0x080006f0   Number         4  stm32f4xx_hal_cortex.o(.text.HAL_NVIC_SetPriorityGrouping)
    [Anonymous Symbol]                       0x080006f4   Section        0  stm32f4xx_hal_pwr_ex.o(.text.HAL_PWREx_EnableOverDrive)
    __arm_cp.6_0                             0x08000754   Number         4  stm32f4xx_hal_pwr_ex.o(.text.HAL_PWREx_EnableOverDrive)
    __arm_cp.6_1                             0x08000758   Number         4  stm32f4xx_hal_pwr_ex.o(.text.HAL_PWREx_EnableOverDrive)
    __arm_cp.6_2                             0x0800075c   Number         4  stm32f4xx_hal_pwr_ex.o(.text.HAL_PWREx_EnableOverDrive)
    [Anonymous Symbol]                       0x08000760   Section        0  stm32f4xx_hal_rcc.o(.text.HAL_RCC_ClockConfig)
    __arm_cp.2_0                             0x08000878   Number         4  stm32f4xx_hal_rcc.o(.text.HAL_RCC_ClockConfig)
    __arm_cp.2_1                             0x0800087c   Number         4  stm32f4xx_hal_rcc.o(.text.HAL_RCC_ClockConfig)
    __arm_cp.2_2                             0x08000880   Number         4  stm32f4xx_hal_rcc.o(.text.HAL_RCC_ClockConfig)
    __arm_cp.2_3                             0x08000884   Number         4  stm32f4xx_hal_rcc.o(.text.HAL_RCC_ClockConfig)
    [Anonymous Symbol]                       0x08000888   Section        0  stm32f4xx_hal_rcc.o(.text.HAL_RCC_GetSysClockFreq)
    __arm_cp.3_0                             0x080008d8   Number         4  stm32f4xx_hal_rcc.o(.text.HAL_RCC_GetSysClockFreq)
    __arm_cp.3_1                             0x080008dc   Number         4  stm32f4xx_hal_rcc.o(.text.HAL_RCC_GetSysClockFreq)
    __arm_cp.3_2                             0x080008e0   Number         4  stm32f4xx_hal_rcc.o(.text.HAL_RCC_GetSysClockFreq)
    [Anonymous Symbol]                       0x080008e4   Section        0  stm32f4xx_hal_rcc.o(.text.HAL_RCC_OscConfig)
    __arm_cp.1_0                             0x08000c00   Number         4  stm32f4xx_hal_rcc.o(.text.HAL_RCC_OscConfig)
    __arm_cp.1_1                             0x08000c04   Number         4  stm32f4xx_hal_rcc.o(.text.HAL_RCC_OscConfig)
    __arm_cp.1_2                             0x08000c08   Number         4  stm32f4xx_hal_rcc.o(.text.HAL_RCC_OscConfig)
    [Anonymous Symbol]                       0x08000c0c   Section        0  stm32f4xx_hal_cortex.o(.text.HAL_SYSTICK_Config)
    [Anonymous Symbol]                       0x08000c2c   Section        0  stm32f4xx_it.o(.text.HardFault_Handler)
    [Anonymous Symbol]                       0x08000c30   Section        0  gpio.o(.text.MX_GPIO_Init)
    __arm_cp.0_0                             0x08000cdc   Number         4  gpio.o(.text.MX_GPIO_Init)
    __arm_cp.0_1                             0x08000ce0   Number         4  gpio.o(.text.MX_GPIO_Init)
    [Anonymous Symbol]                       0x08000ce4   Section        0  stm32f4xx_it.o(.text.MemManage_Handler)
    MessageQueueGet                          0x08000ce7   Thumb Code    64  rtx_msgqueue.o(.text.MessageQueueGet)
    [Anonymous Symbol]                       0x08000ce6   Section        0  rtx_msgqueue.o(.text.MessageQueueGet)
    MessageQueuePut                          0x08000d27   Thumb Code    88  rtx_msgqueue.o(.text.MessageQueuePut)
    [Anonymous Symbol]                       0x08000d26   Section        0  rtx_msgqueue.o(.text.MessageQueuePut)
    MessageQueueRemove                       0x08000d7f   Thumb Code    28  rtx_msgqueue.o(.text.MessageQueueRemove)
    [Anonymous Symbol]                       0x08000d7e   Section        0  rtx_msgqueue.o(.text.MessageQueueRemove)
    [Anonymous Symbol]                       0x08000d9a   Section        0  stm32f4xx_it.o(.text.NMI_Handler)
    [Anonymous Symbol]                       0x08000d9c   Section        0  os_systick.o(.text.OS_Tick_AcknowledgeIRQ)
    [Anonymous Symbol]                       0x08000da4   Section        0  os_systick.o(.text.OS_Tick_Enable)
    __arm_cp.1_1                             0x08000dc4   Number         4  os_systick.o(.text.OS_Tick_Enable)
    [Anonymous Symbol]                       0x08000dc8   Section        0  os_systick.o(.text.OS_Tick_GetIRQn)
    [Anonymous Symbol]                       0x08000dd0   Section        0  os_systick.o(.text.OS_Tick_Setup)
    __arm_cp.0_0                             0x08000e00   Number         4  os_systick.o(.text.OS_Tick_Setup)
    __arm_cp.0_1                             0x08000e04   Number         4  os_systick.o(.text.OS_Tick_Setup)
    __arm_cp.0_2                             0x08000e08   Number         4  os_systick.o(.text.OS_Tick_Setup)
    __arm_cp.0_3                             0x08000e0c   Number         4  os_systick.o(.text.OS_Tick_Setup)
    [Anonymous Symbol]                       0x08000e10   Section        0  main.o(.text.SystemClock_Config)
    __arm_cp.1_0                             0x08000e94   Number         4  main.o(.text.SystemClock_Config)
    __arm_cp.1_1                             0x08000e98   Number         4  main.o(.text.SystemClock_Config)
    [Anonymous Symbol]                       0x08000e9c   Section        0  system_stm32f4xx.o(.text.SystemInit)
    __arm_cp.0_0                             0x08000eb4   Number         4  system_stm32f4xx.o(.text.SystemInit)
    ThreadFlagsCheck                         0x08000eb9   Thumb Code   110  rtx_thread.o(.text.ThreadFlagsCheck)
    [Anonymous Symbol]                       0x08000eb8   Section        0  rtx_thread.o(.text.ThreadFlagsCheck)
    TimerInsert                              0x08000f29   Thumb Code    72  rtx_timer.o(.text.TimerInsert)
    [Anonymous Symbol]                       0x08000f28   Section        0  rtx_timer.o(.text.TimerInsert)
    __arm_cp.8_0                             0x08000f6c   Number         4  rtx_timer.o(.text.TimerInsert)
    [Anonymous Symbol]                       0x08000f70   Section        0  stm32f4xx_it.o(.text.UsageFault_Handler)
    __NVIC_SetPriority                       0x08000f75   Thumb Code    36  stm32f4xx_hal_cortex.o(.text.__NVIC_SetPriority)
    [Anonymous Symbol]                       0x08000f74   Section        0  stm32f4xx_hal_cortex.o(.text.__NVIC_SetPriority)
    __arm_cp.2_0                             0x08000f90   Number         4  stm32f4xx_hal_cortex.o(.text.__NVIC_SetPriority)
    __arm_cp.2_1                             0x08000f94   Number         4  stm32f4xx_hal_cortex.o(.text.__NVIC_SetPriority)
    [Anonymous Symbol]                       0x08000f98   Section        0  init.o(.text.app_main)
    __arm_cp.0_0                             0x08000fc8   Number         4  init.o(.text.app_main)
    __arm_cp.0_1                             0x08000fcc   Number         4  init.o(.text.app_main)
    __arm_cp.0_2                             0x08000fd0   Number         4  init.o(.text.app_main)
    __arm_cp.0_3                             0x08000fd4   Number         4  init.o(.text.app_main)
    __arm_cp.0_4                             0x08000fd8   Number         4  init.o(.text.app_main)
    [Anonymous Symbol]                       0x08000fdc   Section        0  led_thread.o(.text.led_thread)
    __arm_cp.0_0                             0x08000ff0   Number         4  led_thread.o(.text.led_thread)
    [Anonymous Symbol]                       0x08000ff4   Section        0  main.o(.text.main)
    __arm_cp.0_0                             0x08001014   Number         4  main.o(.text.main)
    __arm_cp.0_1                             0x08001018   Number         4  main.o(.text.main)
    [Anonymous Symbol]                       0x0800101c   Section        0  rtx_delay.o(.text.osDelay)
    __arm_cp.0_0                             0x08001050   Number         4  rtx_delay.o(.text.osDelay)
    [Anonymous Symbol]                       0x08001054   Section        0  rtx_delay.o(.text.osDelayUntil)
    __arm_cp.1_0                             0x08001088   Number         4  rtx_delay.o(.text.osDelayUntil)
    [Anonymous Symbol]                       0x0800108c   Section        0  rtx_kernel.o(.text.osKernelGetTickCount)
    __arm_cp.12_0                            0x080010ac   Number         4  rtx_kernel.o(.text.osKernelGetTickCount)
    [Anonymous Symbol]                       0x080010b0   Section        0  rtx_kernel.o(.text.osKernelInitialize)
    __arm_cp.1_0                             0x080010e4   Number         4  rtx_kernel.o(.text.osKernelInitialize)
    [Anonymous Symbol]                       0x080010e8   Section        0  rtx_kernel.o(.text.osKernelStart)
    __arm_cp.6_0                             0x08001118   Number         4  rtx_kernel.o(.text.osKernelStart)
    [Anonymous Symbol]                       0x0800111c   Section        0  rtx_msgqueue.o(.text.osMessageQueueGet)
    __arm_cp.3_0                             0x080011a8   Number         4  rtx_msgqueue.o(.text.osMessageQueueGet)
    [Anonymous Symbol]                       0x080011ac   Section        0  rtx_msgqueue.o(.text.osMessageQueueNew)
    __arm_cp.0_0                             0x080011ec   Number         4  rtx_msgqueue.o(.text.osMessageQueueNew)
    [Anonymous Symbol]                       0x080011f0   Section        0  rtx_msgqueue.o(.text.osMessageQueuePut)
    __arm_cp.2_0                             0x08001280   Number         4  rtx_msgqueue.o(.text.osMessageQueuePut)
    [Anonymous Symbol]                       0x08001284   Section        0  rtx_config.o(.text.osRtxErrorNotify)
    [Anonymous Symbol]                       0x08001286   Section        0  rtx_config.o(.text.osRtxIdleThread)
    [Anonymous Symbol]                       0x08001288   Section        0  rtx_kernel.o(.text.osRtxKernelPreInit)
    [Anonymous Symbol]                       0x0800128a   Section        0  rtx_memory.o(.text.osRtxMemoryAlloc)
    [Anonymous Symbol]                       0x08001306   Section        0  rtx_memory.o(.text.osRtxMemoryFree)
    [Anonymous Symbol]                       0x08001354   Section        0  rtx_memory.o(.text.osRtxMemoryInit)
    [Anonymous Symbol]                       0x08001392   Section        0  rtx_mempool.o(.text.osRtxMemoryPoolAlloc)
    [Anonymous Symbol]                       0x080013d6   Section        0  rtx_mempool.o(.text.osRtxMemoryPoolFree)
    [Anonymous Symbol]                       0x0800142c   Section        0  rtx_mempool.o(.text.osRtxMemoryPoolInit)
    osRtxMessageQueuePostProcess             0x08001475   Thumb Code   242  rtx_msgqueue.o(.text.osRtxMessageQueuePostProcess)
    [Anonymous Symbol]                       0x08001474   Section        0  rtx_msgqueue.o(.text.osRtxMessageQueuePostProcess)
    [Anonymous Symbol]                       0x08001566   Section        0  rtx_mutex.o(.text.osRtxMutexOwnerRelease)
    [Anonymous Symbol]                       0x080015be   Section        0  rtx_mutex.o(.text.osRtxMutexOwnerRestore)
    [Anonymous Symbol]                       0x08001600   Section        0  rtx_system.o(.text.osRtxPendSV_Handler)
    [Anonymous Symbol]                       0x08001688   Section        0  rtx_system.o(.text.osRtxPostProcess)
    __arm_cp.2_1                             0x080016f4   Number         4  rtx_system.o(.text.osRtxPostProcess)
    osRtxThreadBlock                         0x080016f9   Thumb Code    60  rtx_thread.o(.text.osRtxThreadBlock)
    [Anonymous Symbol]                       0x080016f8   Section        0  rtx_thread.o(.text.osRtxThreadBlock)
    osRtxThreadDelayInsert                   0x08001735   Thumb Code   116  rtx_thread.o(.text.osRtxThreadDelayInsert)
    [Anonymous Symbol]                       0x08001734   Section        0  rtx_thread.o(.text.osRtxThreadDelayInsert)
    osRtxThreadDelayRemove                   0x080017a9   Thumb Code    56  rtx_thread.o(.text.osRtxThreadDelayRemove)
    [Anonymous Symbol]                       0x080017a8   Section        0  rtx_thread.o(.text.osRtxThreadDelayRemove)
    [Anonymous Symbol]                       0x080017e0   Section        0  rtx_thread.o(.text.osRtxThreadDelayTick)
    [Anonymous Symbol]                       0x080018a8   Section        0  rtx_thread.o(.text.osRtxThreadDispatch)
    osRtxThreadFree                          0x080018fd   Thumb Code    88  rtx_thread.o(.text.osRtxThreadFree)
    [Anonymous Symbol]                       0x080018fc   Section        0  rtx_thread.o(.text.osRtxThreadFree)
    __arm_cp.53_0                            0x08001950   Number         4  rtx_thread.o(.text.osRtxThreadFree)
    [Anonymous Symbol]                       0x08001954   Section        0  rtx_thread.o(.text.osRtxThreadListGet)
    [Anonymous Symbol]                       0x08001966   Section        0  rtx_thread.o(.text.osRtxThreadListPut)
    [Anonymous Symbol]                       0x08001992   Section        0  rtx_thread.o(.text.osRtxThreadListRemove)
    osRtxThreadListRoot                      0x080019a7   Thumb Code    12  rtx_thread.o(.text.osRtxThreadListRoot)
    [Anonymous Symbol]                       0x080019a6   Section        0  rtx_thread.o(.text.osRtxThreadListRoot)
    [Anonymous Symbol]                       0x080019b2   Section        0  rtx_thread.o(.text.osRtxThreadListSort)
    osRtxThreadPostProcess                   0x080019d9   Thumb Code    56  rtx_thread.o(.text.osRtxThreadPostProcess)
    [Anonymous Symbol]                       0x080019d8   Section        0  rtx_thread.o(.text.osRtxThreadPostProcess)
    [Anonymous Symbol]                       0x08001a10   Section        0  rtx_thread.o(.text.osRtxThreadReadyPut)
    [Anonymous Symbol]                       0x08001a20   Section        0  rtx_thread.o(.text.osRtxThreadRegPtr)
    [Anonymous Symbol]                       0x08001a34   Section        0  rtx_thread.o(.text.osRtxThreadStackCheck)
    __arm_cp.9_0                             0x08001a54   Number         4  rtx_thread.o(.text.osRtxThreadStackCheck)
    __arm_cp.9_1                             0x08001a58   Number         4  rtx_thread.o(.text.osRtxThreadStackCheck)
    [Anonymous Symbol]                       0x08001a5c   Section        0  rtx_thread.o(.text.osRtxThreadStartup)
    __arm_cp.16_1                            0x08001a8c   Number         4  rtx_thread.o(.text.osRtxThreadStartup)
    __arm_cp.16_3                            0x08001a90   Number         4  rtx_thread.o(.text.osRtxThreadStartup)
    [Anonymous Symbol]                       0x08001a94   Section        0  rtx_thread.o(.text.osRtxThreadSwitch)
    __arm_cp.8_0                             0x08001ab0   Number         4  rtx_thread.o(.text.osRtxThreadSwitch)
    [Anonymous Symbol]                       0x08001ab4   Section        0  rtx_thread.o(.text.osRtxThreadWaitEnter)
    __arm_cp.14_0                            0x08001af8   Number         4  rtx_thread.o(.text.osRtxThreadWaitEnter)
    [Anonymous Symbol]                       0x08001afc   Section        0  rtx_thread.o(.text.osRtxThreadWaitExit)
    [Anonymous Symbol]                       0x08001b34   Section        0  rtx_system.o(.text.osRtxTick_Handler)
    __arm_cp.0_0                             0x08001ba8   Number         4  rtx_system.o(.text.osRtxTick_Handler)
    [Anonymous Symbol]                       0x08001bac   Section        0  rtx_timer.o(.text.osRtxTimerThread)
    __arm_cp.0_0                             0x08001be4   Number         4  rtx_timer.o(.text.osRtxTimerThread)
    __arm_cp.0_2                             0x08001be8   Number         4  rtx_timer.o(.text.osRtxTimerThread)
    osRtxTimerTick                           0x08001bed   Thumb Code    84  rtx_timer.o(.text.osRtxTimerTick)
    [Anonymous Symbol]                       0x08001bec   Section        0  rtx_timer.o(.text.osRtxTimerTick)
    __arm_cp.1_0                             0x08001c3c   Number         4  rtx_timer.o(.text.osRtxTimerTick)
    [Anonymous Symbol]                       0x08001c40   Section        0  rtx_thread.o(.text.osThreadExit)
    __arm_cp.32_0                            0x08001c58   Number         4  rtx_thread.o(.text.osThreadExit)
    [Anonymous Symbol]                       0x08001c5c   Section        0  rtx_thread.o(.text.osThreadNew)
    __arm_cp.18_0                            0x08001c9c   Number         4  rtx_thread.o(.text.osThreadNew)
    svcRtxDelay                              0x08001ca1   Thumb Code    40  rtx_delay.o(.text.svcRtxDelay)
    [Anonymous Symbol]                       0x08001ca0   Section        0  rtx_delay.o(.text.svcRtxDelay)
    __arm_cp.2_0                             0x08001cc4   Number         4  rtx_delay.o(.text.svcRtxDelay)
    svcRtxDelayUntil                         0x08001cc9   Thumb Code    60  rtx_delay.o(.text.svcRtxDelayUntil)
    [Anonymous Symbol]                       0x08001cc8   Section        0  rtx_delay.o(.text.svcRtxDelayUntil)
    __arm_cp.3_0                             0x08001d00   Number         4  rtx_delay.o(.text.svcRtxDelayUntil)
    svcRtxKernelGetTickCount                 0x08001d05   Thumb Code    20  rtx_kernel.o(.text.svcRtxKernelGetTickCount)
    [Anonymous Symbol]                       0x08001d04   Section        0  rtx_kernel.o(.text.svcRtxKernelGetTickCount)
    __arm_cp.13_0                            0x08001d14   Number         4  rtx_kernel.o(.text.svcRtxKernelGetTickCount)
    svcRtxKernelInitialize                   0x08001d19   Thumb Code   344  rtx_kernel.o(.text.svcRtxKernelInitialize)
    [Anonymous Symbol]                       0x08001d18   Section        0  rtx_kernel.o(.text.svcRtxKernelInitialize)
    __arm_cp.20_0                            0x08001e68   Number         4  rtx_kernel.o(.text.svcRtxKernelInitialize)
    __arm_cp.20_2                            0x08001e6c   Number         4  rtx_kernel.o(.text.svcRtxKernelInitialize)
    svcRtxKernelStart                        0x08001e71   Thumb Code   164  rtx_kernel.o(.text.svcRtxKernelStart)
    [Anonymous Symbol]                       0x08001e70   Section        0  rtx_kernel.o(.text.svcRtxKernelStart)
    __arm_cp.21_0                            0x08001f04   Number         4  rtx_kernel.o(.text.svcRtxKernelStart)
    __arm_cp.21_1                            0x08001f08   Number         4  rtx_kernel.o(.text.svcRtxKernelStart)
    __arm_cp.21_2                            0x08001f0c   Number         4  rtx_kernel.o(.text.svcRtxKernelStart)
    __arm_cp.21_3                            0x08001f10   Number         4  rtx_kernel.o(.text.svcRtxKernelStart)
    svcRtxMessageQueueGet                    0x08001f15   Thumb Code   272  rtx_msgqueue.o(.text.svcRtxMessageQueueGet)
    [Anonymous Symbol]                       0x08001f14   Section        0  rtx_msgqueue.o(.text.svcRtxMessageQueueGet)
    __arm_cp.21_0                            0x08002020   Number         4  rtx_msgqueue.o(.text.svcRtxMessageQueueGet)
    svcRtxMessageQueueNew                    0x08002025   Thumb Code   320  rtx_msgqueue.o(.text.svcRtxMessageQueueNew)
    [Anonymous Symbol]                       0x08002024   Section        0  rtx_msgqueue.o(.text.svcRtxMessageQueueNew)
    __arm_cp.14_1                            0x08002160   Number         4  rtx_msgqueue.o(.text.svcRtxMessageQueueNew)
    svcRtxMessageQueuePut                    0x08002165   Thumb Code   236  rtx_msgqueue.o(.text.svcRtxMessageQueuePut)
    [Anonymous Symbol]                       0x08002164   Section        0  rtx_msgqueue.o(.text.svcRtxMessageQueuePut)
    __arm_cp.19_0                            0x0800224c   Number         4  rtx_msgqueue.o(.text.svcRtxMessageQueuePut)
    svcRtxThreadExit                         0x08002251   Thumb Code   116  rtx_thread.o(.text.svcRtxThreadExit)
    [Anonymous Symbol]                       0x08002250   Section        0  rtx_thread.o(.text.svcRtxThreadExit)
    __arm_cp.55_0                            0x080022c0   Number         4  rtx_thread.o(.text.svcRtxThreadExit)
    svcRtxThreadNew                          0x080022c5   Thumb Code   504  rtx_thread.o(.text.svcRtxThreadNew)
    [Anonymous Symbol]                       0x080022c4   Section        0  rtx_thread.o(.text.svcRtxThreadNew)
    __arm_cp.17_0                            0x080024a8   Number         4  rtx_thread.o(.text.svcRtxThreadNew)
    __arm_cp.17_1                            0x080024ac   Number         4  rtx_thread.o(.text.svcRtxThreadNew)
    __arm_cp.17_2                            0x080024b0   Number         4  rtx_thread.o(.text.svcRtxThreadNew)
    __arm_cp.17_3                            0x080024b4   Number         4  rtx_thread.o(.text.svcRtxThreadNew)
    __arm_cp.17_4                            0x080024b8   Number         4  rtx_thread.o(.text.svcRtxThreadNew)
    i.__scatterload_copy                     0x080024bc   Section       14  handlers.o(i.__scatterload_copy)
    i.__scatterload_null                     0x080024ca   Section        2  handlers.o(i.__scatterload_null)
    i.__scatterload_zeroinit                 0x080024cc   Section       14  handlers.o(i.__scatterload_zeroinit)
    __tagsym$$used.0                         0x080024dc   Number         0  rtx_lib.o(.rodata)
    __tagsym$$used.1                         0x08002544   Number         0  rtx_lib.o(.rodata)
    os_idle_thread_attr                      0x080025d8   Data          36  rtx_lib.o(.rodata.os_idle_thread_attr)
    [Anonymous Symbol]                       0x080025d8   Section        0  rtx_lib.o(.rodata.os_idle_thread_attr)
    os_timer_mq_attr                         0x080025fc   Data          24  rtx_lib.o(.rodata.os_timer_mq_attr)
    [Anonymous Symbol]                       0x080025fc   Section        0  rtx_lib.o(.rodata.os_timer_mq_attr)
    os_timer_thread_attr                     0x08002614   Data          36  rtx_lib.o(.rodata.os_timer_thread_attr)
    [Anonymous Symbol]                       0x08002614   Section        0  rtx_lib.o(.rodata.os_timer_thread_attr)
    .L.str                                   0x08002638   Data          15  led_thread.o(.rodata.str1.1)
    [Anonymous Symbol]                       0x08002638   Section        0  led_thread.o(.rodata.str1.1)
    .L.str                                   0x08002648   Data          11  rtx_kernel.o(.rodata.str1.4)
    [Anonymous Symbol]                       0x08002648   Section        0  rtx_kernel.o(.rodata.str1.4)
    [Anonymous Symbol]                       0x20000000   Section        0  stm32f4xx_hal.o(.data..L_MergedGlobals)
    PendST                                   0x200000b0   Data           1  os_systick.o(.bss.PendST)
    [Anonymous Symbol]                       0x200000b0   Section        0  os_systick.o(.bss.PendST)
    os_isr_queue                             0x200010c0   Data          64  rtx_lib.o(.bss.os)
    [Anonymous Symbol]                       0x200010c0   Section        0  rtx_lib.o(.bss.os)
    os_mem                                   0x20001100   Data       32768  rtx_lib.o(.bss.os)
    os_timer_mq_cb                           0x20009100   Data          52  rtx_lib.o(.bss.os.msgqueue.cb)
    [Anonymous Symbol]                       0x20009100   Section        0  rtx_lib.o(.bss.os.msgqueue.cb)
    os_timer_mq_data                         0x20009134   Data          80  rtx_lib.o(.bss.os.msgqueue.mem)
    [Anonymous Symbol]                       0x20009134   Section        0  rtx_lib.o(.bss.os.msgqueue.mem)
    os_idle_thread_cb                        0x20009184   Data          68  rtx_lib.o(.bss.os.thread.cb)
    [Anonymous Symbol]                       0x20009184   Section        0  rtx_lib.o(.bss.os.thread.cb)
    os_timer_thread_cb                       0x200091c8   Data          68  rtx_lib.o(.bss.os.thread.cb)
    os_idle_thread_stack                     0x20009210   Data         512  rtx_lib.o(.bss.os.thread.stack)
    [Anonymous Symbol]                       0x20009210   Section        0  rtx_lib.o(.bss.os.thread.stack)
    os_timer_thread_stack                    0x20009410   Data         512  rtx_lib.o(.bss.os.thread.stack)
    STACK                                    0x20009618   Section     1024  startup_stm32f429xx.o(STACK)

    Global Symbols

    Symbol Name                              Value     Ov Type        Size  Object(Section)

    BuildAttributes$$THM_ISAv4$E$P$D$K$B$S$7EM$VFPi3$EXTD16$VFPS$VFMA$PE$A:L22UL41UL21$X:L11$S22US41US21$IEEE1$IW$~IW$USESV6$~STKCKD$USESV7$~SHL$OSPACE$EBA8$MICROLIB$REQ8$PRES8$EABIv2 0x00000000   Number         0  anon$$obj.o ABSOLUTE
    .bss.os.evflags.cb$$Base                  - Undefined Weak Reference
    .bss.os.evflags.cb$$Limit                 - Undefined Weak Reference
    .bss.os.mempool.cb$$Base                  - Undefined Weak Reference
    .bss.os.mempool.cb$$Limit                 - Undefined Weak Reference
    .bss.os.mutex.cb$$Base                    - Undefined Weak Reference
    .bss.os.mutex.cb$$Limit                   - Undefined Weak Reference
    .bss.os.semaphore.cb$$Base                - Undefined Weak Reference
    .bss.os.semaphore.cb$$Limit               - Undefined Weak Reference
    .bss.os.timer.cb$$Base                    - Undefined Weak Reference
    .bss.os.timer.cb$$Limit                   - Undefined Weak Reference
    __cpp_initialize__aeabi_                  - Undefined Weak Reference
    __cxa_finalize                            - Undefined Weak Reference
    __decompress                              - Undefined Weak Reference
    _clock_init                               - Undefined Weak Reference
    _microlib_exit                            - Undefined Weak Reference
    __Vectors_Size                           0x000001ac   Number         0  startup_stm32f429xx.o ABSOLUTE
    __Vectors                                0x08000000   Data           4  startup_stm32f429xx.o(RESET)
    __Vectors_End                            0x080001ac   Data           0  startup_stm32f429xx.o(RESET)
    __main                                   0x080001ad   Thumb Code     0  entry.o(.ARM.Collect$$$$00000000)
    _main_stk                                0x080001ad   Thumb Code     0  entry2.o(.ARM.Collect$$$$00000001)
    _main_scatterload                        0x080001b1   Thumb Code     0  entry5.o(.ARM.Collect$$$$00000004)
    __main_after_scatterload                 0x080001b5   Thumb Code     0  entry5.o(.ARM.Collect$$$$00000004)
    _main_clock                              0x080001b5   Thumb Code     0  entry7b.o(.ARM.Collect$$$$00000008)
    _main_cpp_init                           0x080001b5   Thumb Code     0  entry8b.o(.ARM.Collect$$$$0000000A)
    _main_init                               0x080001b5   Thumb Code     0  entry9a.o(.ARM.Collect$$$$0000000B)
    __rt_final_cpp                           0x080001bd   Thumb Code     0  entry10a.o(.ARM.Collect$$$$0000000D)
    __rt_final_exit                          0x080001bd   Thumb Code     0  entry11a.o(.ARM.Collect$$$$0000000F)
    Reset_Handler                            0x080001c1   Thumb Code    40  startup_stm32f429xx.o(.text)
    ADC_IRQHandler                           0x080001fb   Thumb Code     0  startup_stm32f429xx.o(.text)
    CAN1_RX0_IRQHandler                      0x080001fb   Thumb Code     0  startup_stm32f429xx.o(.text)
    CAN1_RX1_IRQHandler                      0x080001fb   Thumb Code     0  startup_stm32f429xx.o(.text)
    CAN1_SCE_IRQHandler                      0x080001fb   Thumb Code     0  startup_stm32f429xx.o(.text)
    CAN1_TX_IRQHandler                       0x080001fb   Thumb Code     0  startup_stm32f429xx.o(.text)
    CAN2_RX0_IRQHandler                      0x080001fb   Thumb Code     0  startup_stm32f429xx.o(.text)
    CAN2_RX1_IRQHandler                      0x080001fb   Thumb Code     0  startup_stm32f429xx.o(.text)
    CAN2_SCE_IRQHandler                      0x080001fb   Thumb Code     0  startup_stm32f429xx.o(.text)
    CAN2_TX_IRQHandler                       0x080001fb   Thumb Code     0  startup_stm32f429xx.o(.text)
    DCMI_IRQHandler                          0x080001fb   Thumb Code     0  startup_stm32f429xx.o(.text)
    DMA1_Stream0_IRQHandler                  0x080001fb   Thumb Code     0  startup_stm32f429xx.o(.text)
    DMA1_Stream1_IRQHandler                  0x080001fb   Thumb Code     0  startup_stm32f429xx.o(.text)
    DMA1_Stream2_IRQHandler                  0x080001fb   Thumb Code     0  startup_stm32f429xx.o(.text)
    DMA1_Stream3_IRQHandler                  0x080001fb   Thumb Code     0  startup_stm32f429xx.o(.text)
    DMA1_Stream4_IRQHandler                  0x080001fb   Thumb Code     0  startup_stm32f429xx.o(.text)
    DMA1_Stream5_IRQHandler                  0x080001fb   Thumb Code     0  startup_stm32f429xx.o(.text)
    DMA1_Stream6_IRQHandler                  0x080001fb   Thumb Code     0  startup_stm32f429xx.o(.text)
    DMA1_Stream7_IRQHandler                  0x080001fb   Thumb Code     0  startup_stm32f429xx.o(.text)
    DMA2D_IRQHandler                         0x080001fb   Thumb Code     0  startup_stm32f429xx.o(.text)
    DMA2_Stream0_IRQHandler                  0x080001fb   Thumb Code     0  startup_stm32f429xx.o(.text)
    DMA2_Stream1_IRQHandler                  0x080001fb   Thumb Code     0  startup_stm32f429xx.o(.text)
    DMA2_Stream2_IRQHandler                  0x080001fb   Thumb Code     0  startup_stm32f429xx.o(.text)
    DMA2_Stream3_IRQHandler                  0x080001fb   Thumb Code     0  startup_stm32f429xx.o(.text)
    DMA2_Stream4_IRQHandler                  0x080001fb   Thumb Code     0  startup_stm32f429xx.o(.text)
    DMA2_Stream5_IRQHandler                  0x080001fb   Thumb Code     0  startup_stm32f429xx.o(.text)
    DMA2_Stream6_IRQHandler                  0x080001fb   Thumb Code     0  startup_stm32f429xx.o(.text)
    DMA2_Stream7_IRQHandler                  0x080001fb   Thumb Code     0  startup_stm32f429xx.o(.text)
    ETH_IRQHandler                           0x080001fb   Thumb Code     0  startup_stm32f429xx.o(.text)
    ETH_WKUP_IRQHandler                      0x080001fb   Thumb Code     0  startup_stm32f429xx.o(.text)
    EXTI0_IRQHandler                         0x080001fb   Thumb Code     0  startup_stm32f429xx.o(.text)
    EXTI15_10_IRQHandler                     0x080001fb   Thumb Code     0  startup_stm32f429xx.o(.text)
    EXTI1_IRQHandler                         0x080001fb   Thumb Code     0  startup_stm32f429xx.o(.text)
    EXTI2_IRQHandler                         0x080001fb   Thumb Code     0  startup_stm32f429xx.o(.text)
    EXTI3_IRQHandler                         0x080001fb   Thumb Code     0  startup_stm32f429xx.o(.text)
    EXTI4_IRQHandler                         0x080001fb   Thumb Code     0  startup_stm32f429xx.o(.text)
    EXTI9_5_IRQHandler                       0x080001fb   Thumb Code     0  startup_stm32f429xx.o(.text)
    FLASH_IRQHandler                         0x080001fb   Thumb Code     0  startup_stm32f429xx.o(.text)
    FMC_IRQHandler                           0x080001fb   Thumb Code     0  startup_stm32f429xx.o(.text)
    FPU_IRQHandler                           0x080001fb   Thumb Code     0  startup_stm32f429xx.o(.text)
    HASH_RNG_IRQHandler                      0x080001fb   Thumb Code     0  startup_stm32f429xx.o(.text)
    I2C1_ER_IRQHandler                       0x080001fb   Thumb Code     0  startup_stm32f429xx.o(.text)
    I2C1_EV_IRQHandler                       0x080001fb   Thumb Code     0  startup_stm32f429xx.o(.text)
    I2C2_ER_IRQHandler                       0x080001fb   Thumb Code     0  startup_stm32f429xx.o(.text)
    I2C2_EV_IRQHandler                       0x080001fb   Thumb Code     0  startup_stm32f429xx.o(.text)
    I2C3_ER_IRQHandler                       0x080001fb   Thumb Code     0  startup_stm32f429xx.o(.text)
    I2C3_EV_IRQHandler                       0x080001fb   Thumb Code     0  startup_stm32f429xx.o(.text)
    LTDC_ER_IRQHandler                       0x080001fb   Thumb Code     0  startup_stm32f429xx.o(.text)
    LTDC_IRQHandler                          0x080001fb   Thumb Code     0  startup_stm32f429xx.o(.text)
    OTG_FS_IRQHandler                        0x080001fb   Thumb Code     0  startup_stm32f429xx.o(.text)
    OTG_FS_WKUP_IRQHandler                   0x080001fb   Thumb Code     0  startup_stm32f429xx.o(.text)
    OTG_HS_EP1_IN_IRQHandler                 0x080001fb   Thumb Code     0  startup_stm32f429xx.o(.text)
    OTG_HS_EP1_OUT_IRQHandler                0x080001fb   Thumb Code     0  startup_stm32f429xx.o(.text)
    OTG_HS_IRQHandler                        0x080001fb   Thumb Code     0  startup_stm32f429xx.o(.text)
    OTG_HS_WKUP_IRQHandler                   0x080001fb   Thumb Code     0  startup_stm32f429xx.o(.text)
    PVD_IRQHandler                           0x080001fb   Thumb Code     0  startup_stm32f429xx.o(.text)
    RCC_IRQHandler                           0x080001fb   Thumb Code     0  startup_stm32f429xx.o(.text)
    RTC_Alarm_IRQHandler                     0x080001fb   Thumb Code     0  startup_stm32f429xx.o(.text)
    RTC_WKUP_IRQHandler                      0x080001fb   Thumb Code     0  startup_stm32f429xx.o(.text)
    SAI1_IRQHandler                          0x080001fb   Thumb Code     0  startup_stm32f429xx.o(.text)
    SDIO_IRQHandler                          0x080001fb   Thumb Code     0  startup_stm32f429xx.o(.text)
    SPI1_IRQHandler                          0x080001fb   Thumb Code     0  startup_stm32f429xx.o(.text)
    SPI2_IRQHandler                          0x080001fb   Thumb Code     0  startup_stm32f429xx.o(.text)
    SPI3_IRQHandler                          0x080001fb   Thumb Code     0  startup_stm32f429xx.o(.text)
    SPI4_IRQHandler                          0x080001fb   Thumb Code     0  startup_stm32f429xx.o(.text)
    SPI5_IRQHandler                          0x080001fb   Thumb Code     0  startup_stm32f429xx.o(.text)
    SPI6_IRQHandler                          0x080001fb   Thumb Code     0  startup_stm32f429xx.o(.text)
    TAMP_STAMP_IRQHandler                    0x080001fb   Thumb Code     0  startup_stm32f429xx.o(.text)
    TIM1_BRK_TIM9_IRQHandler                 0x080001fb   Thumb Code     0  startup_stm32f429xx.o(.text)
    TIM1_CC_IRQHandler                       0x080001fb   Thumb Code     0  startup_stm32f429xx.o(.text)
    TIM1_TRG_COM_TIM11_IRQHandler            0x080001fb   Thumb Code     0  startup_stm32f429xx.o(.text)
    TIM1_UP_TIM10_IRQHandler                 0x080001fb   Thumb Code     0  startup_stm32f429xx.o(.text)
    TIM2_IRQHandler                          0x080001fb   Thumb Code     0  startup_stm32f429xx.o(.text)
    TIM3_IRQHandler                          0x080001fb   Thumb Code     0  startup_stm32f429xx.o(.text)
    TIM4_IRQHandler                          0x080001fb   Thumb Code     0  startup_stm32f429xx.o(.text)
    TIM5_IRQHandler                          0x080001fb   Thumb Code     0  startup_stm32f429xx.o(.text)
    TIM6_DAC_IRQHandler                      0x080001fb   Thumb Code     0  startup_stm32f429xx.o(.text)
    TIM7_IRQHandler                          0x080001fb   Thumb Code     0  startup_stm32f429xx.o(.text)
    TIM8_BRK_TIM12_IRQHandler                0x080001fb   Thumb Code     0  startup_stm32f429xx.o(.text)
    TIM8_CC_IRQHandler                       0x080001fb   Thumb Code     0  startup_stm32f429xx.o(.text)
    TIM8_TRG_COM_TIM14_IRQHandler            0x080001fb   Thumb Code     0  startup_stm32f429xx.o(.text)
    TIM8_UP_TIM13_IRQHandler                 0x080001fb   Thumb Code     0  startup_stm32f429xx.o(.text)
    UART4_IRQHandler                         0x080001fb   Thumb Code     0  startup_stm32f429xx.o(.text)
    UART5_IRQHandler                         0x080001fb   Thumb Code     0  startup_stm32f429xx.o(.text)
    UART7_IRQHandler                         0x080001fb   Thumb Code     0  startup_stm32f429xx.o(.text)
    UART8_IRQHandler                         0x080001fb   Thumb Code     0  startup_stm32f429xx.o(.text)
    USART1_IRQHandler                        0x080001fb   Thumb Code     0  startup_stm32f429xx.o(.text)
    USART2_IRQHandler                        0x080001fb   Thumb Code     0  startup_stm32f429xx.o(.text)
    USART3_IRQHandler                        0x080001fb   Thumb Code     0  startup_stm32f429xx.o(.text)
    USART6_IRQHandler                        0x080001fb   Thumb Code     0  startup_stm32f429xx.o(.text)
    WWDG_IRQHandler                          0x080001fb   Thumb Code     0  startup_stm32f429xx.o(.text)
    SVC_Handler                              0x0800020d   Thumb Code   152  irq_cm4f.o(.text)
    PendSV_Handler                           0x080002a5   Thumb Code    16  irq_cm4f.o(.text)
    SysTick_Handler                          0x080002b5   Thumb Code    16  irq_cm4f.o(.text)
    __aeabi_uldivmod                         0x080002d1   Thumb Code    98  uldiv.o(.text)
    __aeabi_memcpy                           0x08000333   Thumb Code    36  memcpya.o(.text)
    __aeabi_memcpy4                          0x08000333   Thumb Code     0  memcpya.o(.text)
    __aeabi_memcpy8                          0x08000333   Thumb Code     0  memcpya.o(.text)
    __aeabi_memset                           0x08000357   Thumb Code    14  memseta.o(.text)
    __aeabi_memset4                          0x08000357   Thumb Code     0  memseta.o(.text)
    __aeabi_memset8                          0x08000357   Thumb Code     0  memseta.o(.text)
    __aeabi_memclr                           0x08000365   Thumb Code     4  memseta.o(.text)
    __aeabi_memclr4                          0x08000365   Thumb Code     0  memseta.o(.text)
    __aeabi_memclr8                          0x08000365   Thumb Code     0  memseta.o(.text)
    _memset$wrapper                          0x08000369   Thumb Code    18  memseta.o(.text)
    __aeabi_llsl                             0x0800037b   Thumb Code    30  llshl.o(.text)
    _ll_shift_l                              0x0800037b   Thumb Code     0  llshl.o(.text)
    __aeabi_llsr                             0x08000399   Thumb Code    32  llushr.o(.text)
    _ll_ushift_r                             0x08000399   Thumb Code     0  llushr.o(.text)
    __scatterload                            0x080003b9   Thumb Code    28  init.o(.text)
    __scatterload_rt2                        0x080003b9   Thumb Code     0  init.o(.text)
    BusFault_Handler                         0x080003dd   Thumb Code     2  stm32f4xx_it.o(.text.BusFault_Handler)
    DebugMon_Handler                         0x080003df   Thumb Code     2  stm32f4xx_it.o(.text.DebugMon_Handler)
    Error_Handler                            0x080003e1   Thumb Code     2  main.o(.text.Error_Handler)
    EvrRtxDelay                              0x080003e3   Thumb Code     2  rtx_evr.o(.text.EvrRtxDelay)
    EvrRtxDelayCompleted                     0x080003e5   Thumb Code     2  rtx_evr.o(.text.EvrRtxDelayCompleted)
    EvrRtxDelayError                         0x080003e7   Thumb Code     2  rtx_evr.o(.text.EvrRtxDelayError)
    EvrRtxDelayStarted                       0x080003e9   Thumb Code     2  rtx_evr.o(.text.EvrRtxDelayStarted)
    EvrRtxDelayUntil                         0x080003eb   Thumb Code     2  rtx_evr.o(.text.EvrRtxDelayUntil)
    EvrRtxDelayUntilStarted                  0x080003ed   Thumb Code     2  rtx_evr.o(.text.EvrRtxDelayUntilStarted)
    EvrRtxEventFlagsWaitTimeout              0x080003ef   Thumb Code     2  rtx_evr.o(.text.EvrRtxEventFlagsWaitTimeout)
    EvrRtxKernelError                        0x080003f1   Thumb Code     2  rtx_evr.o(.text.EvrRtxKernelError)
    EvrRtxKernelGetTickCount                 0x080003f3   Thumb Code     2  rtx_evr.o(.text.EvrRtxKernelGetTickCount)
    EvrRtxKernelInitialize                   0x080003f5   Thumb Code     2  rtx_evr.o(.text.EvrRtxKernelInitialize)
    EvrRtxKernelInitialized                  0x080003f7   Thumb Code     2  rtx_evr.o(.text.EvrRtxKernelInitialized)
    EvrRtxKernelStart                        0x080003f9   Thumb Code     2  rtx_evr.o(.text.EvrRtxKernelStart)
    EvrRtxKernelStarted                      0x080003fb   Thumb Code     2  rtx_evr.o(.text.EvrRtxKernelStarted)
    EvrRtxMemoryAlloc                        0x080003fd   Thumb Code     2  rtx_evr.o(.text.EvrRtxMemoryAlloc)
    EvrRtxMemoryBlockAlloc                   0x080003ff   Thumb Code     2  rtx_evr.o(.text.EvrRtxMemoryBlockAlloc)
    EvrRtxMemoryBlockFree                    0x08000401   Thumb Code     2  rtx_evr.o(.text.EvrRtxMemoryBlockFree)
    EvrRtxMemoryBlockInit                    0x08000403   Thumb Code     2  rtx_evr.o(.text.EvrRtxMemoryBlockInit)
    EvrRtxMemoryFree                         0x08000405   Thumb Code     2  rtx_evr.o(.text.EvrRtxMemoryFree)
    EvrRtxMemoryInit                         0x08000407   Thumb Code     2  rtx_evr.o(.text.EvrRtxMemoryInit)
    EvrRtxMemoryPoolAllocTimeout             0x08000409   Thumb Code     2  rtx_evr.o(.text.EvrRtxMemoryPoolAllocTimeout)
    EvrRtxMessageQueueCreated                0x0800040b   Thumb Code     2  rtx_evr.o(.text.EvrRtxMessageQueueCreated)
    EvrRtxMessageQueueError                  0x0800040d   Thumb Code     2  rtx_evr.o(.text.EvrRtxMessageQueueError)
    EvrRtxMessageQueueGet                    0x0800040f   Thumb Code     2  rtx_evr.o(.text.EvrRtxMessageQueueGet)
    EvrRtxMessageQueueGetPending             0x08000411   Thumb Code     2  rtx_evr.o(.text.EvrRtxMessageQueueGetPending)
    EvrRtxMessageQueueGetTimeout             0x08000413   Thumb Code     2  rtx_evr.o(.text.EvrRtxMessageQueueGetTimeout)
    EvrRtxMessageQueueInsertPending          0x08000415   Thumb Code     2  rtx_evr.o(.text.EvrRtxMessageQueueInsertPending)
    EvrRtxMessageQueueInserted               0x08000417   Thumb Code     2  rtx_evr.o(.text.EvrRtxMessageQueueInserted)
    EvrRtxMessageQueueNew                    0x08000419   Thumb Code     2  rtx_evr.o(.text.EvrRtxMessageQueueNew)
    EvrRtxMessageQueueNotInserted            0x0800041b   Thumb Code     2  rtx_evr.o(.text.EvrRtxMessageQueueNotInserted)
    EvrRtxMessageQueueNotRetrieved           0x0800041d   Thumb Code     2  rtx_evr.o(.text.EvrRtxMessageQueueNotRetrieved)
    EvrRtxMessageQueuePut                    0x0800041f   Thumb Code     2  rtx_evr.o(.text.EvrRtxMessageQueuePut)
    EvrRtxMessageQueuePutPending             0x08000421   Thumb Code     2  rtx_evr.o(.text.EvrRtxMessageQueuePutPending)
    EvrRtxMessageQueuePutTimeout             0x08000423   Thumb Code     2  rtx_evr.o(.text.EvrRtxMessageQueuePutTimeout)
    EvrRtxMessageQueueRetrieved              0x08000425   Thumb Code     2  rtx_evr.o(.text.EvrRtxMessageQueueRetrieved)
    EvrRtxMutexAcquireTimeout                0x08000427   Thumb Code     2  rtx_evr.o(.text.EvrRtxMutexAcquireTimeout)
    EvrRtxMutexAcquired                      0x08000429   Thumb Code     2  rtx_evr.o(.text.EvrRtxMutexAcquired)
    EvrRtxMutexReleased                      0x0800042b   Thumb Code     2  rtx_evr.o(.text.EvrRtxMutexReleased)
    EvrRtxSemaphoreAcquireTimeout            0x0800042d   Thumb Code     2  rtx_evr.o(.text.EvrRtxSemaphoreAcquireTimeout)
    EvrRtxThreadBlocked                      0x0800042f   Thumb Code     2  rtx_evr.o(.text.EvrRtxThreadBlocked)
    EvrRtxThreadCreated                      0x08000431   Thumb Code     2  rtx_evr.o(.text.EvrRtxThreadCreated)
    EvrRtxThreadDestroyed                    0x08000433   Thumb Code     2  rtx_evr.o(.text.EvrRtxThreadDestroyed)
    EvrRtxThreadError                        0x08000435   Thumb Code     2  rtx_evr.o(.text.EvrRtxThreadError)
    EvrRtxThreadExit                         0x08000437   Thumb Code     2  rtx_evr.o(.text.EvrRtxThreadExit)
    EvrRtxThreadFlagsWaitCompleted           0x08000439   Thumb Code     2  rtx_evr.o(.text.EvrRtxThreadFlagsWaitCompleted)
    EvrRtxThreadFlagsWaitTimeout             0x0800043b   Thumb Code     2  rtx_evr.o(.text.EvrRtxThreadFlagsWaitTimeout)
    EvrRtxThreadJoined                       0x0800043d   Thumb Code     2  rtx_evr.o(.text.EvrRtxThreadJoined)
    EvrRtxThreadNew                          0x0800043f   Thumb Code     2  rtx_evr.o(.text.EvrRtxThreadNew)
    EvrRtxThreadPreempted                    0x08000441   Thumb Code     2  rtx_evr.o(.text.EvrRtxThreadPreempted)
    EvrRtxThreadSwitched                     0x08000443   Thumb Code     2  rtx_evr.o(.text.EvrRtxThreadSwitched)
    EvrRtxThreadUnblocked                    0x08000445   Thumb Code     2  rtx_evr.o(.text.EvrRtxThreadUnblocked)
    EvrRtxTimerCallback                      0x08000447   Thumb Code     2  rtx_evr.o(.text.EvrRtxTimerCallback)
    HAL_GPIO_Init                            0x08000449   Thumb Code   408  stm32f4xx_hal_gpio.o(.text.HAL_GPIO_Init)
    HAL_GPIO_WritePin                        0x080005e1   Thumb Code    10  stm32f4xx_hal_gpio.o(.text.HAL_GPIO_WritePin)
    HAL_GetTick                              0x080005ed   Thumb Code    12  stm32f4xx_hal.o(.text.HAL_GetTick)
    HAL_Init                                 0x080005f9   Thumb Code    52  stm32f4xx_hal.o(.text.HAL_Init)
    HAL_InitTick                             0x0800062d   Thumb Code    60  stm32f4xx_hal.o(.text.HAL_InitTick)
    HAL_MspInit                              0x08000669   Thumb Code    52  stm32f4xx_hal_msp.o(.text.HAL_MspInit)
    HAL_NVIC_SetPriority                     0x0800069d   Thumb Code    56  stm32f4xx_hal_cortex.o(.text.HAL_NVIC_SetPriority)
    HAL_NVIC_SetPriorityGrouping             0x080006d5   Thumb Code    32  stm32f4xx_hal_cortex.o(.text.HAL_NVIC_SetPriorityGrouping)
    HAL_PWREx_EnableOverDrive                0x080006f5   Thumb Code   108  stm32f4xx_hal_pwr_ex.o(.text.HAL_PWREx_EnableOverDrive)
    HAL_RCC_ClockConfig                      0x08000761   Thumb Code   296  stm32f4xx_hal_rcc.o(.text.HAL_RCC_ClockConfig)
    HAL_RCC_GetSysClockFreq                  0x08000889   Thumb Code    92  stm32f4xx_hal_rcc.o(.text.HAL_RCC_GetSysClockFreq)
    HAL_RCC_OscConfig                        0x080008e5   Thumb Code   808  stm32f4xx_hal_rcc.o(.text.HAL_RCC_OscConfig)
    HAL_SYSTICK_Config                       0x08000c0d   Thumb Code    32  stm32f4xx_hal_cortex.o(.text.HAL_SYSTICK_Config)
    HardFault_Handler                        0x08000c2d   Thumb Code     2  stm32f4xx_it.o(.text.HardFault_Handler)
    MX_GPIO_Init                             0x08000c31   Thumb Code   180  gpio.o(.text.MX_GPIO_Init)
    MemManage_Handler                        0x08000ce5   Thumb Code     2  stm32f4xx_it.o(.text.MemManage_Handler)
    NMI_Handler                              0x08000d9b   Thumb Code     2  stm32f4xx_it.o(.text.NMI_Handler)
    OS_Tick_AcknowledgeIRQ                   0x08000d9d   Thumb Code     8  os_systick.o(.text.OS_Tick_AcknowledgeIRQ)
    OS_Tick_Enable                           0x08000da5   Thumb Code    36  os_systick.o(.text.OS_Tick_Enable)
    OS_Tick_GetIRQn                          0x08000dc9   Thumb Code     6  os_systick.o(.text.OS_Tick_GetIRQn)
    OS_Tick_Setup                            0x08000dd1   Thumb Code    64  os_systick.o(.text.OS_Tick_Setup)
    SystemClock_Config                       0x08000e11   Thumb Code   140  main.o(.text.SystemClock_Config)
    SystemInit                               0x08000e9d   Thumb Code    28  system_stm32f4xx.o(.text.SystemInit)
    UsageFault_Handler                       0x08000f71   Thumb Code     2  stm32f4xx_it.o(.text.UsageFault_Handler)
    app_main                                 0x08000f99   Thumb Code    68  init.o(.text.app_main)
    led_thread                               0x08000fdd   Thumb Code    24  led_thread.o(.text.led_thread)
    main                                     0x08000ff5   Thumb Code    40  main.o(.text.main)
    osDelay                                  0x0800101d   Thumb Code    56  rtx_delay.o(.text.osDelay)
    osDelayUntil                             0x08001055   Thumb Code    56  rtx_delay.o(.text.osDelayUntil)
    osKernelGetTickCount                     0x0800108d   Thumb Code    36  rtx_kernel.o(.text.osKernelGetTickCount)
    osKernelInitialize                       0x080010b1   Thumb Code    56  rtx_kernel.o(.text.osKernelInitialize)
    osKernelStart                            0x080010e9   Thumb Code    52  rtx_kernel.o(.text.osKernelStart)
    osMessageQueueGet                        0x0800111d   Thumb Code   144  rtx_msgqueue.o(.text.osMessageQueueGet)
    osMessageQueueNew                        0x080011ad   Thumb Code    68  rtx_msgqueue.o(.text.osMessageQueueNew)
    osMessageQueuePut                        0x080011f1   Thumb Code   148  rtx_msgqueue.o(.text.osMessageQueuePut)
    osRtxErrorNotify                         0x08001285   Thumb Code     2  rtx_config.o(.text.osRtxErrorNotify)
    osRtxIdleThread                          0x08001287   Thumb Code     2  rtx_config.o(.text.osRtxIdleThread)
    osRtxKernelPreInit                       0x08001289   Thumb Code     2  rtx_kernel.o(.text.osRtxKernelPreInit)
    osRtxMemoryAlloc                         0x0800128b   Thumb Code   124  rtx_memory.o(.text.osRtxMemoryAlloc)
    osRtxMemoryFree                          0x08001307   Thumb Code    78  rtx_memory.o(.text.osRtxMemoryFree)
    osRtxMemoryInit                          0x08001355   Thumb Code    62  rtx_memory.o(.text.osRtxMemoryInit)
    osRtxMemoryPoolAlloc                     0x08001393   Thumb Code    68  rtx_mempool.o(.text.osRtxMemoryPoolAlloc)
    osRtxMemoryPoolFree                      0x080013d7   Thumb Code    86  rtx_mempool.o(.text.osRtxMemoryPoolFree)
    osRtxMemoryPoolInit                      0x0800142d   Thumb Code    72  rtx_mempool.o(.text.osRtxMemoryPoolInit)
    osRtxMutexOwnerRelease                   0x08001567   Thumb Code    88  rtx_mutex.o(.text.osRtxMutexOwnerRelease)
    osRtxMutexOwnerRestore                   0x080015bf   Thumb Code    66  rtx_mutex.o(.text.osRtxMutexOwnerRestore)
    osRtxPendSV_Handler                      0x08001601   Thumb Code   136  rtx_system.o(.text.osRtxPendSV_Handler)
    osRtxPostProcess                         0x08001689   Thumb Code   112  rtx_system.o(.text.osRtxPostProcess)
    osRtxThreadDelayTick                     0x080017e1   Thumb Code   200  rtx_thread.o(.text.osRtxThreadDelayTick)
    osRtxThreadDispatch                      0x080018a9   Thumb Code    84  rtx_thread.o(.text.osRtxThreadDispatch)
    osRtxThreadListGet                       0x08001955   Thumb Code    18  rtx_thread.o(.text.osRtxThreadListGet)
    osRtxThreadListPut                       0x08001967   Thumb Code    44  rtx_thread.o(.text.osRtxThreadListPut)
    osRtxThreadListRemove                    0x08001993   Thumb Code    20  rtx_thread.o(.text.osRtxThreadListRemove)
    osRtxThreadListSort                      0x080019b3   Thumb Code    38  rtx_thread.o(.text.osRtxThreadListSort)
    osRtxThreadReadyPut                      0x08001a11   Thumb Code    16  rtx_thread.o(.text.osRtxThreadReadyPut)
    osRtxThreadRegPtr                        0x08001a21   Thumb Code    20  rtx_thread.o(.text.osRtxThreadRegPtr)
    osRtxThreadStackCheck                    0x08001a35   Thumb Code    40  rtx_thread.o(.text.osRtxThreadStackCheck)
    osRtxThreadStartup                       0x08001a5d   Thumb Code    56  rtx_thread.o(.text.osRtxThreadStartup)
    osRtxThreadSwitch                        0x08001a95   Thumb Code    32  rtx_thread.o(.text.osRtxThreadSwitch)
    osRtxThreadWaitEnter                     0x08001ab5   Thumb Code    72  rtx_thread.o(.text.osRtxThreadWaitEnter)
    osRtxThreadWaitExit                      0x08001afd   Thumb Code    54  rtx_thread.o(.text.osRtxThreadWaitExit)
    osRtxTick_Handler                        0x08001b35   Thumb Code   120  rtx_system.o(.text.osRtxTick_Handler)
    osRtxTimerThread                         0x08001bad   Thumb Code    64  rtx_timer.o(.text.osRtxTimerThread)
    osThreadExit                             0x08001c41   Thumb Code    28  rtx_thread.o(.text.osThreadExit)
    osThreadNew                              0x08001c5d   Thumb Code    68  rtx_thread.o(.text.osThreadNew)
    __scatterload_copy                       0x080024bd   Thumb Code    14  handlers.o(i.__scatterload_copy)
    __scatterload_null                       0x080024cb   Thumb Code     2  handlers.o(i.__scatterload_null)
    __scatterload_zeroinit                   0x080024cd   Thumb Code    14  handlers.o(i.__scatterload_zeroinit)
    osRtxConfig                              0x080024dc   Data         104  rtx_lib.o(.rodata)
    os_cb_sections                           0x08002544   Data          56  rtx_lib.o(.rodata)
    AHBPrescTable                            0x0800257c   Data          16  system_stm32f4xx.o(.rodata.AHBPrescTable)
    app_main_attr                            0x0800258c   Data          36  init.o(.rodata.app_main_attr)
    led_thread_attr                          0x080025b0   Data          36  led_thread.o(.rodata.led_thread_attr)
    osRtxUserSVC                             0x080025d4   Data           4  rtx_lib.o(.rodata.osRtxUserSVC)
    Region$$Table$$Base                      0x08002654   Number         0  anon$$obj.o(Region$$Table)
    Region$$Table$$Limit                     0x08002674   Number         0  anon$$obj.o(Region$$Table)
    uwTickFreq                               0x20000000   Data           1  stm32f4xx_hal.o(.data..L_MergedGlobals)
    uwTickPrio                               0x20000004   Data           4  stm32f4xx_hal.o(.data..L_MergedGlobals)
    SystemCoreClock                          0x20000008   Data           4  system_stm32f4xx.o(.data.SystemCoreClock)
    osRtxInfo                                0x2000000c   Data         164  rtx_kernel.o(.data.os)
    app_main_stk                             0x200000b8   Data        2048  init.o(.bss.app_main_stk)
    led_Thread_ID                            0x200008b8   Data           4  led_thread.o(.bss.led_Thread_ID)
    led_thread_stk                           0x200008c0   Data        2048  led_thread.o(.bss.led_thread_stk)
    .bss.os.msgqueue.cb$$Base                0x20009100   Number         0  rtx_lib.o(.bss.os.msgqueue.cb)
    .bss.os.msgqueue.cb$$Limit               0x20009134   Number         0  rtx_lib.o(.bss.os.msgqueue.cb)
    .bss.os.thread.cb$$Base                  0x20009184   Number         0  rtx_lib.o(.bss.os.thread.cb)
    .bss.os.thread.cb$$Limit                 0x2000920c   Number         0  rtx_lib.o(.bss.os.thread.cb)
    uwTick                                   0x20009610   Data           4  stm32f4xx_hal.o(.bss.uwTick)
    __initial_sp                             0x20009a18   Data           0  startup_stm32f429xx.o(STACK)



==============================================================================

Memory Map of the image

  Image Entry point : 0x080001ad

  Load Region LR_IROM1 (Base: 0x08000000, Size: 0x00002728, Max: 0x00200000, ABSOLUTE)

    Execution Region ER_IROM1 (Exec base: 0x08000000, Load base: 0x08000000, Size: 0x00002674, Max: 0x00200000, ABSOLUTE)

    Exec Addr    Load Addr    Size         Type   Attr      Idx    E Section Name        Object

    0x08000000   0x08000000   0x000001ac   Data   RO            3    RESET               startup_stm32f429xx.o
    0x080001ac   0x080001ac   0x00000000   Code   RO         1442  * .ARM.Collect$$$$00000000  mc_w.l(entry.o)
    0x080001ac   0x080001ac   0x00000004   Code   RO         1453    .ARM.Collect$$$$00000001  mc_w.l(entry2.o)
    0x080001b0   0x080001b0   0x00000004   Code   RO         1456    .ARM.Collect$$$$00000004  mc_w.l(entry5.o)
    0x080001b4   0x080001b4   0x00000000   Code   RO         1458    .ARM.Collect$$$$00000008  mc_w.l(entry7b.o)
    0x080001b4   0x080001b4   0x00000000   Code   RO         1460    .ARM.Collect$$$$0000000A  mc_w.l(entry8b.o)
    0x080001b4   0x080001b4   0x00000008   Code   RO         1461    .ARM.Collect$$$$0000000B  mc_w.l(entry9a.o)
    0x080001bc   0x080001bc   0x00000000   Code   RO         1463    .ARM.Collect$$$$0000000D  mc_w.l(entry10a.o)
    0x080001bc   0x080001bc   0x00000000   Code   RO         1465    .ARM.Collect$$$$0000000F  mc_w.l(entry11a.o)
    0x080001bc   0x080001bc   0x00000004   Code   RO         1454    .ARM.Collect$$$$00002712  mc_w.l(entry2.o)
    0x080001c0   0x080001c0   0x0000004c   Code   RO            4    .text               startup_stm32f429xx.o
    0x0800020c   0x0800020c   0x000000c4   Code   RO          530    .text               irq_cm4f.o
    0x080002d0   0x080002d0   0x00000062   Code   RO         1445    .text               mc_w.l(uldiv.o)
    0x08000332   0x08000332   0x00000024   Code   RO         1447    .text               mc_w.l(memcpya.o)
    0x08000356   0x08000356   0x00000024   Code   RO         1449    .text               mc_w.l(memseta.o)
    0x0800037a   0x0800037a   0x0000001e   Code   RO         1467    .text               mc_w.l(llshl.o)
    0x08000398   0x08000398   0x00000020   Code   RO         1469    .text               mc_w.l(llushr.o)
    0x080003b8   0x080003b8   0x00000024   Code   RO         1471    .text               mc_w.l(init.o)
    0x080003dc   0x080003dc   0x00000002   Code   RO           48    .text.BusFault_Handler  stm32f4xx_it.o
    0x080003de   0x080003de   0x00000002   Code   RO           52    .text.DebugMon_Handler  stm32f4xx_it.o
    0x080003e0   0x080003e0   0x00000002   Code   RO           15    .text.Error_Handler  main.o
    0x080003e2   0x080003e2   0x00000002   Code   RO          731    .text.EvrRtxDelay   rtx_evr.o
    0x080003e4   0x080003e4   0x00000002   Code   RO          739    .text.EvrRtxDelayCompleted  rtx_evr.o
    0x080003e6   0x080003e6   0x00000002   Code   RO          729    .text.EvrRtxDelayError  rtx_evr.o
    0x080003e8   0x080003e8   0x00000002   Code   RO          735    .text.EvrRtxDelayStarted  rtx_evr.o
    0x080003ea   0x080003ea   0x00000002   Code   RO          733    .text.EvrRtxDelayUntil  rtx_evr.o
    0x080003ec   0x080003ec   0x00000002   Code   RO          737    .text.EvrRtxDelayUntilStarted  rtx_evr.o
    0x080003ee   0x080003ee   0x00000002   Code   RO          787    .text.EvrRtxEventFlagsWaitTimeout  rtx_evr.o
    0x080003f0   0x080003f0   0x00000002   Code   RO          603    .text.EvrRtxKernelError  rtx_evr.o
    0x080003f2   0x080003f2   0x00000002   Code   RO          639    .text.EvrRtxKernelGetTickCount  rtx_evr.o
    0x080003f4   0x080003f4   0x00000002   Code   RO          605    .text.EvrRtxKernelInitialize  rtx_evr.o
    0x080003f6   0x080003f6   0x00000002   Code   RO          607    .text.EvrRtxKernelInitialized  rtx_evr.o
    0x080003f8   0x080003f8   0x00000002   Code   RO          615    .text.EvrRtxKernelStart  rtx_evr.o
    0x080003fa   0x080003fa   0x00000002   Code   RO          617    .text.EvrRtxKernelStarted  rtx_evr.o
    0x080003fc   0x080003fc   0x00000002   Code   RO          593    .text.EvrRtxMemoryAlloc  rtx_evr.o
    0x080003fe   0x080003fe   0x00000002   Code   RO          599    .text.EvrRtxMemoryBlockAlloc  rtx_evr.o
    0x08000400   0x08000400   0x00000002   Code   RO          601    .text.EvrRtxMemoryBlockFree  rtx_evr.o
    0x08000402   0x08000402   0x00000002   Code   RO          597    .text.EvrRtxMemoryBlockInit  rtx_evr.o
    0x08000404   0x08000404   0x00000002   Code   RO          595    .text.EvrRtxMemoryFree  rtx_evr.o
    0x08000406   0x08000406   0x00000002   Code   RO          591    .text.EvrRtxMemoryInit  rtx_evr.o
    0x08000408   0x08000408   0x00000002   Code   RO          865    .text.EvrRtxMemoryPoolAllocTimeout  rtx_evr.o
    0x0800040a   0x0800040a   0x00000002   Code   RO          893    .text.EvrRtxMessageQueueCreated  rtx_evr.o
    0x0800040c   0x0800040c   0x00000002   Code   RO          889    .text.EvrRtxMessageQueueError  rtx_evr.o
    0x0800040e   0x0800040e   0x00000002   Code   RO          909    .text.EvrRtxMessageQueueGet  rtx_evr.o
    0x08000410   0x08000410   0x00000002   Code   RO          911    .text.EvrRtxMessageQueueGetPending  rtx_evr.o
    0x08000412   0x08000412   0x00000002   Code   RO          913    .text.EvrRtxMessageQueueGetTimeout  rtx_evr.o
    0x08000414   0x08000414   0x00000002   Code   RO          903    .text.EvrRtxMessageQueueInsertPending  rtx_evr.o
    0x08000416   0x08000416   0x00000002   Code   RO          905    .text.EvrRtxMessageQueueInserted  rtx_evr.o
    0x08000418   0x08000418   0x00000002   Code   RO          891    .text.EvrRtxMessageQueueNew  rtx_evr.o
    0x0800041a   0x0800041a   0x00000002   Code   RO          907    .text.EvrRtxMessageQueueNotInserted  rtx_evr.o
    0x0800041c   0x0800041c   0x00000002   Code   RO          917    .text.EvrRtxMessageQueueNotRetrieved  rtx_evr.o
    0x0800041e   0x0800041e   0x00000002   Code   RO          897    .text.EvrRtxMessageQueuePut  rtx_evr.o
    0x08000420   0x08000420   0x00000002   Code   RO          899    .text.EvrRtxMessageQueuePutPending  rtx_evr.o
    0x08000422   0x08000422   0x00000002   Code   RO          901    .text.EvrRtxMessageQueuePutTimeout  rtx_evr.o
    0x08000424   0x08000424   0x00000002   Code   RO          915    .text.EvrRtxMessageQueueRetrieved  rtx_evr.o
    0x08000426   0x08000426   0x00000002   Code   RO          809    .text.EvrRtxMutexAcquireTimeout  rtx_evr.o
    0x08000428   0x08000428   0x00000002   Code   RO          811    .text.EvrRtxMutexAcquired  rtx_evr.o
    0x0800042a   0x0800042a   0x00000002   Code   RO          817    .text.EvrRtxMutexReleased  rtx_evr.o
    0x0800042c   0x0800042c   0x00000002   Code   RO          837    .text.EvrRtxSemaphoreAcquireTimeout  rtx_evr.o
    0x0800042e   0x0800042e   0x00000002   Code   RO          689    .text.EvrRtxThreadBlocked  rtx_evr.o
    0x08000430   0x08000430   0x00000002   Code   RO          651    .text.EvrRtxThreadCreated  rtx_evr.o
    0x08000432   0x08000432   0x00000002   Code   RO          701    .text.EvrRtxThreadDestroyed  rtx_evr.o
    0x08000434   0x08000434   0x00000002   Code   RO          647    .text.EvrRtxThreadError  rtx_evr.o
    0x08000436   0x08000436   0x00000002   Code   RO          697    .text.EvrRtxThreadExit  rtx_evr.o
    0x08000438   0x08000438   0x00000002   Code   RO          725    .text.EvrRtxThreadFlagsWaitCompleted  rtx_evr.o
    0x0800043a   0x0800043a   0x00000002   Code   RO          723    .text.EvrRtxThreadFlagsWaitTimeout  rtx_evr.o
    0x0800043c   0x0800043c   0x00000002   Code   RO          687    .text.EvrRtxThreadJoined  rtx_evr.o
    0x0800043e   0x0800043e   0x00000002   Code   RO          649    .text.EvrRtxThreadNew  rtx_evr.o
    0x08000440   0x08000440   0x00000002   Code   RO          693    .text.EvrRtxThreadPreempted  rtx_evr.o
    0x08000442   0x08000442   0x00000002   Code   RO          695    .text.EvrRtxThreadSwitched  rtx_evr.o
    0x08000444   0x08000444   0x00000002   Code   RO          691    .text.EvrRtxThreadUnblocked  rtx_evr.o
    0x08000446   0x08000446   0x00000002   Code   RO          743    .text.EvrRtxTimerCallback  rtx_evr.o
    0x08000448   0x08000448   0x00000198   Code   RO          231    .text.HAL_GPIO_Init  stm32f4xx_hal_gpio.o
    0x080005e0   0x080005e0   0x0000000a   Code   RO          237    .text.HAL_GPIO_WritePin  stm32f4xx_hal_gpio.o
    0x080005ea   0x080005ea   0x00000002   PAD
    0x080005ec   0x080005ec   0x0000000c   Code   RO          433    .text.HAL_GetTick   stm32f4xx_hal.o
    0x080005f8   0x080005f8   0x00000034   Code   RO          421    .text.HAL_Init      stm32f4xx_hal.o
    0x0800062c   0x0800062c   0x0000003c   Code   RO          423    .text.HAL_InitTick  stm32f4xx_hal.o
    0x08000668   0x08000668   0x00000034   Code   RO           61    .text.HAL_MspInit   stm32f4xx_hal_msp.o
    0x0800069c   0x0800069c   0x00000038   Code   RO          375    .text.HAL_NVIC_SetPriority  stm32f4xx_hal_cortex.o
    0x080006d4   0x080006d4   0x00000020   Code   RO          373    .text.HAL_NVIC_SetPriorityGrouping  stm32f4xx_hal_cortex.o
    0x080006f4   0x080006f4   0x0000006c   Code   RO          359    .text.HAL_PWREx_EnableOverDrive  stm32f4xx_hal_pwr_ex.o
    0x08000760   0x08000760   0x00000128   Code   RO           99    .text.HAL_RCC_ClockConfig  stm32f4xx_hal_rcc.o
    0x08000888   0x08000888   0x0000005c   Code   RO          101    .text.HAL_RCC_GetSysClockFreq  stm32f4xx_hal_rcc.o
    0x080008e4   0x080008e4   0x00000328   Code   RO           97    .text.HAL_RCC_OscConfig  stm32f4xx_hal_rcc.o
    0x08000c0c   0x08000c0c   0x00000020   Code   RO          387    .text.HAL_SYSTICK_Config  stm32f4xx_hal_cortex.o
    0x08000c2c   0x08000c2c   0x00000002   Code   RO           44    .text.HardFault_Handler  stm32f4xx_it.o
    0x08000c2e   0x08000c2e   0x00000002   PAD
    0x08000c30   0x08000c30   0x000000b4   Code   RO           25    .text.MX_GPIO_Init  gpio.o
    0x08000ce4   0x08000ce4   0x00000002   Code   RO           46    .text.MemManage_Handler  stm32f4xx_it.o
    0x08000ce6   0x08000ce6   0x00000040   Code   RO         1128    .text.MessageQueueGet  rtx_msgqueue.o
    0x08000d26   0x08000d26   0x00000058   Code   RO         1122    .text.MessageQueuePut  rtx_msgqueue.o
    0x08000d7e   0x08000d7e   0x0000001c   Code   RO         1120    .text.MessageQueueRemove  rtx_msgqueue.o
    0x08000d9a   0x08000d9a   0x00000002   Code   RO           42    .text.NMI_Handler   stm32f4xx_it.o
    0x08000d9c   0x08000d9c   0x00000008   Code   RO         1410    .text.OS_Tick_AcknowledgeIRQ  os_systick.o
    0x08000da4   0x08000da4   0x00000024   Code   RO         1406    .text.OS_Tick_Enable  os_systick.o
    0x08000dc8   0x08000dc8   0x00000006   Code   RO         1412    .text.OS_Tick_GetIRQn  os_systick.o
    0x08000dce   0x08000dce   0x00000002   PAD
    0x08000dd0   0x08000dd0   0x00000040   Code   RO         1404    .text.OS_Tick_Setup  os_systick.o
    0x08000e10   0x08000e10   0x0000008c   Code   RO           13    .text.SystemClock_Config  main.o
    0x08000e9c   0x08000e9c   0x0000001c   Code   RO          515    .text.SystemInit    system_stm32f4xx.o
    0x08000eb8   0x08000eb8   0x0000006e   Code   RO         1312    .text.ThreadFlagsCheck  rtx_thread.o
    0x08000f26   0x08000f26   0x00000002   PAD
    0x08000f28   0x08000f28   0x00000048   Code   RO         1380    .text.TimerInsert   rtx_timer.o
    0x08000f70   0x08000f70   0x00000002   Code   RO           50    .text.UsageFault_Handler  stm32f4xx_it.o
    0x08000f72   0x08000f72   0x00000002   PAD
    0x08000f74   0x08000f74   0x00000024   Code   RO          377    .text.__NVIC_SetPriority  stm32f4xx_hal_cortex.o
    0x08000f98   0x08000f98   0x00000044   Code   RO           82    .text.app_main      init.o
    0x08000fdc   0x08000fdc   0x00000018   Code   RO           69    .text.led_thread    led_thread.o
    0x08000ff4   0x08000ff4   0x00000028   Code   RO           11    .text.main          main.o
    0x0800101c   0x0800101c   0x00000038   Code   RO          535    .text.osDelay       rtx_delay.o
    0x08001054   0x08001054   0x00000038   Code   RO          537    .text.osDelayUntil  rtx_delay.o
    0x0800108c   0x0800108c   0x00000024   Code   RO          966    .text.osKernelGetTickCount  rtx_kernel.o
    0x080010b0   0x080010b0   0x00000038   Code   RO          944    .text.osKernelInitialize  rtx_kernel.o
    0x080010e8   0x080010e8   0x00000034   Code   RO          954    .text.osKernelStart  rtx_kernel.o
    0x0800111c   0x0800111c   0x00000090   Code   RO         1094    .text.osMessageQueueGet  rtx_msgqueue.o
    0x080011ac   0x080011ac   0x00000044   Code   RO         1088    .text.osMessageQueueNew  rtx_msgqueue.o
    0x080011f0   0x080011f0   0x00000094   Code   RO         1092    .text.osMessageQueuePut  rtx_msgqueue.o
    0x08001284   0x08001284   0x00000002   Code   RO         1433    .text.osRtxErrorNotify  rtx_config.o
    0x08001286   0x08001286   0x00000002   Code   RO         1431    .text.osRtxIdleThread  rtx_config.o
    0x08001288   0x08001288   0x00000002   Code   RO          942    .text.osRtxKernelPreInit  rtx_kernel.o
    0x0800128a   0x0800128a   0x0000007c   Code   RO         1024    .text.osRtxMemoryAlloc  rtx_memory.o
    0x08001306   0x08001306   0x0000004e   Code   RO         1026    .text.osRtxMemoryFree  rtx_memory.o
    0x08001354   0x08001354   0x0000003e   Code   RO         1022    .text.osRtxMemoryInit  rtx_memory.o
    0x08001392   0x08001392   0x00000044   Code   RO         1038    .text.osRtxMemoryPoolAlloc  rtx_mempool.o
    0x080013d6   0x080013d6   0x00000056   Code   RO         1040    .text.osRtxMemoryPoolFree  rtx_mempool.o
    0x0800142c   0x0800142c   0x00000048   Code   RO         1036    .text.osRtxMemoryPoolInit  rtx_mempool.o
    0x08001474   0x08001474   0x000000f2   Code   RO         1118    .text.osRtxMessageQueuePostProcess  rtx_msgqueue.o
    0x08001566   0x08001566   0x00000058   Code   RO         1144    .text.osRtxMutexOwnerRelease  rtx_mutex.o
    0x080015be   0x080015be   0x00000042   Code   RO         1146    .text.osRtxMutexOwnerRestore  rtx_mutex.o
    0x08001600   0x08001600   0x00000088   Code   RO         1218    .text.osRtxPendSV_Handler  rtx_system.o
    0x08001688   0x08001688   0x00000070   Code   RO         1220    .text.osRtxPostProcess  rtx_system.o
    0x080016f8   0x080016f8   0x0000003c   Code   RO         1252    .text.osRtxThreadBlock  rtx_thread.o
    0x08001734   0x08001734   0x00000074   Code   RO         1260    .text.osRtxThreadDelayInsert  rtx_thread.o
    0x080017a8   0x080017a8   0x00000038   Code   RO         1256    .text.osRtxThreadDelayRemove  rtx_thread.o
    0x080017e0   0x080017e0   0x000000c8   Code   RO         1240    .text.osRtxThreadDelayTick  rtx_thread.o
    0x080018a8   0x080018a8   0x00000054   Code   RO         1250    .text.osRtxThreadDispatch  rtx_thread.o
    0x080018fc   0x080018fc   0x00000058   Code   RO         1336    .text.osRtxThreadFree  rtx_thread.o
    0x08001954   0x08001954   0x00000012   Code   RO         1232    .text.osRtxThreadListGet  rtx_thread.o
    0x08001966   0x08001966   0x0000002c   Code   RO         1230    .text.osRtxThreadListPut  rtx_thread.o
    0x08001992   0x08001992   0x00000014   Code   RO         1236    .text.osRtxThreadListRemove  rtx_thread.o
    0x080019a6   0x080019a6   0x0000000c   Code   RO         1242    .text.osRtxThreadListRoot  rtx_thread.o
    0x080019b2   0x080019b2   0x00000026   Code   RO         1234    .text.osRtxThreadListSort  rtx_thread.o
    0x080019d8   0x080019d8   0x00000038   Code   RO         1310    .text.osRtxThreadPostProcess  rtx_thread.o
    0x08001a10   0x08001a10   0x00000010   Code   RO         1238    .text.osRtxThreadReadyPut  rtx_thread.o
    0x08001a20   0x08001a20   0x00000014   Code   RO         1244    .text.osRtxThreadRegPtr  rtx_thread.o
    0x08001a34   0x08001a34   0x00000028   Code   RO         1248    .text.osRtxThreadStackCheck  rtx_thread.o
    0x08001a5c   0x08001a5c   0x00000038   Code   RO         1262    .text.osRtxThreadStartup  rtx_thread.o
    0x08001a94   0x08001a94   0x00000020   Code   RO         1246    .text.osRtxThreadSwitch  rtx_thread.o
    0x08001ab4   0x08001ab4   0x00000048   Code   RO         1258    .text.osRtxThreadWaitEnter  rtx_thread.o
    0x08001afc   0x08001afc   0x00000036   Code   RO         1254    .text.osRtxThreadWaitExit  rtx_thread.o
    0x08001b32   0x08001b32   0x00000002   PAD
    0x08001b34   0x08001b34   0x00000078   Code   RO         1216    .text.osRtxTick_Handler  rtx_system.o
    0x08001bac   0x08001bac   0x00000040   Code   RO         1364    .text.osRtxTimerThread  rtx_timer.o
    0x08001bec   0x08001bec   0x00000054   Code   RO         1366    .text.osRtxTimerTick  rtx_timer.o
    0x08001c40   0x08001c40   0x0000001c   Code   RO         1294    .text.osThreadExit  rtx_thread.o
    0x08001c5c   0x08001c5c   0x00000044   Code   RO         1266    .text.osThreadNew   rtx_thread.o
    0x08001ca0   0x08001ca0   0x00000028   Code   RO          539    .text.svcRtxDelay   rtx_delay.o
    0x08001cc8   0x08001cc8   0x0000003c   Code   RO          541    .text.svcRtxDelayUntil  rtx_delay.o
    0x08001d04   0x08001d04   0x00000014   Code   RO          968    .text.svcRtxKernelGetTickCount  rtx_kernel.o
    0x08001d18   0x08001d18   0x00000158   Code   RO          982    .text.svcRtxKernelInitialize  rtx_kernel.o
    0x08001e70   0x08001e70   0x000000a4   Code   RO          984    .text.svcRtxKernelStart  rtx_kernel.o
    0x08001f14   0x08001f14   0x00000110   Code   RO         1130    .text.svcRtxMessageQueueGet  rtx_msgqueue.o
    0x08002024   0x08002024   0x00000140   Code   RO         1116    .text.svcRtxMessageQueueNew  rtx_msgqueue.o
    0x08002164   0x08002164   0x000000ec   Code   RO         1126    .text.svcRtxMessageQueuePut  rtx_msgqueue.o
    0x08002250   0x08002250   0x00000074   Code   RO         1340    .text.svcRtxThreadExit  rtx_thread.o
    0x080022c4   0x080022c4   0x000001f8   Code   RO         1264    .text.svcRtxThreadNew  rtx_thread.o
    0x080024bc   0x080024bc   0x0000000e   Code   RO         1475    i.__scatterload_copy  mc_w.l(handlers.o)
    0x080024ca   0x080024ca   0x00000002   Code   RO         1476    i.__scatterload_null  mc_w.l(handlers.o)
    0x080024cc   0x080024cc   0x0000000e   Code   RO         1477    i.__scatterload_zeroinit  mc_w.l(handlers.o)
    0x080024da   0x080024da   0x00000002   PAD
    0x080024dc   0x080024dc   0x000000a0   Data   RO         1010    .rodata             rtx_lib.o
    0x0800257c   0x0800257c   0x00000010   Data   RO          520    .rodata.AHBPrescTable  system_stm32f4xx.o
    0x0800258c   0x0800258c   0x00000024   Data   RO           85    .rodata.app_main_attr  init.o
    0x080025b0   0x080025b0   0x00000024   Data   RO           74    .rodata.led_thread_attr  led_thread.o
    0x080025d4   0x080025d4   0x00000004   Data   RO         1012    .rodata.osRtxUserSVC  rtx_lib.o
    0x080025d8   0x080025d8   0x00000024   Data   RO         1007    .rodata.os_idle_thread_attr  rtx_lib.o
    0x080025fc   0x080025fc   0x00000018   Data   RO         1009    .rodata.os_timer_mq_attr  rtx_lib.o
    0x08002614   0x08002614   0x00000024   Data   RO         1008    .rodata.os_timer_thread_attr  rtx_lib.o
    0x08002638   0x08002638   0x0000000f   Data   RO           72    .rodata.str1.1      led_thread.o
    0x08002647   0x08002647   0x00000001   PAD
    0x08002648   0x08002648   0x0000000b   Data   RO          996    .rodata.str1.4      rtx_kernel.o
    0x08002653   0x08002653   0x00000001   PAD
    0x08002654   0x08002654   0x00000020   Data   RO         1474    Region$$Table       anon$$obj.o


    Execution Region RW_IRAM1 (Exec base: 0x20000000, Load base: 0x08002678, Size: 0x00009a18, Max: 0x00030000, ABSOLUTE)

    Exec Addr    Load Addr    Size         Type   Attr      Idx    E Section Name        Object

    0x20000000   0x08002678   0x00000008   Data   RW          480    .data..L_MergedGlobals  stm32f4xx_hal.o
    0x20000008   0x08002680   0x00000004   Data   RW          519    .data.SystemCoreClock  system_stm32f4xx.o
    0x2000000c   0x08002684   0x000000a4   Data   RW          997    .data.os            rtx_kernel.o
    0x200000b0        -       0x00000001   Zero   RW         1422    .bss.PendST         os_systick.o
    0x200000b1   0x08002728   0x00000007   PAD
    0x200000b8        -       0x00000800   Zero   RW           84    .bss.app_main_stk   init.o
    0x200008b8        -       0x00000004   Zero   RW           71    .bss.led_Thread_ID  led_thread.o
    0x200008bc   0x08002728   0x00000004   PAD
    0x200008c0        -       0x00000800   Zero   RW           73    .bss.led_thread_stk  led_thread.o
    0x200010c0        -       0x00008040   Zero   RW         1006    .bss.os             rtx_lib.o
    0x20009100        -       0x00000034   Zero   RW         1015    .bss.os.msgqueue.cb  rtx_lib.o
    0x20009134        -       0x00000050   Zero   RW         1016    .bss.os.msgqueue.mem  rtx_lib.o
    0x20009184        -       0x00000088   Zero   RW         1013    .bss.os.thread.cb   rtx_lib.o
    0x2000920c   0x08002728   0x00000004   PAD
    0x20009210        -       0x00000400   Zero   RW         1014    .bss.os.thread.stack  rtx_lib.o
    0x20009610        -       0x00000004   Zero   RW          479    .bss.uwTick         stm32f4xx_hal.o
    0x20009614   0x08002728   0x00000004   PAD
    0x20009618        -       0x00000400   Zero   RW            1    STACK               startup_stm32f429xx.o


==============================================================================

Image component sizes


      Code (inc. data)   RO Data    RW Data    ZI Data      Debug   Object Name

       180          8          0          0          0       2159   gpio.o
        68         20         36          0       2048       2646   init.o
       196         12          0          0          0        588   irq_cm4f.o
        24          4         51          0       2052       2870   led_thread.o
       182         16          0          0          0       2627   main.o
       114         20          0          0          1       4726   os_systick.o
         4          0          0          0          0        756   rtx_config.o
       212         16          0          0          0       4289   rtx_delay.o
       102          0          0          0          0      24077   rtx_evr.o
       674         40         11        164          0      18201   rtx_kernel.o
         0          0        260          0      34124       5347   rtx_lib.o
       264          0          0          0          0       2905   rtx_memory.o
       226          0          0          0          0      16459   rtx_mempool.o
      1610         24          0          0          0      20496   rtx_msgqueue.o
       154          0          0          0          0      10980   rtx_mutex.o
       368         18          0          0          0       5764   rtx_system.o
      1908         70          0          0          0      37645   rtx_thread.o
       220         16          0          0          0      11507   rtx_timer.o
        76         16        428          0       1024        824   startup_stm32f429xx.o
       124         12          0          8          4       7796   stm32f4xx_hal.o
       156         16          0          0          0      10424   stm32f4xx_hal_cortex.o
       418         24          0          0          0       5211   stm32f4xx_hal_gpio.o
        52          0          0          0          0       1464   stm32f4xx_hal_msp.o
       108         12          0          0          0       4457   stm32f4xx_hal_pwr_ex.o
      1196         40          0          0          0       7420   stm32f4xx_hal_rcc.o
        12          0          0          0          0        754   stm32f4xx_it.o
        28          4         16          4          0       2652   system_stm32f4xx.o

    ----------------------------------------------------------------------
      8688        388        836        176      39272     215044   Object Totals
         0          0         32          0          0          0   (incl. Generated)
        12          0          2          0         19          0   (incl. Padding)

    ----------------------------------------------------------------------

      Code (inc. data)   RO Data    RW Data    ZI Data      Debug   Library Member Name

         0          0          0          0          0          0   entry.o
         0          0          0          0          0          0   entry10a.o
         0          0          0          0          0          0   entry11a.o
         8          4          0          0          0          0   entry2.o
         4          0          0          0          0          0   entry5.o
         0          0          0          0          0          0   entry7b.o
         0          0          0          0          0          0   entry8b.o
         8          4          0          0          0          0   entry9a.o
        30          0          0          0          0          0   handlers.o
        36          8          0          0          0         68   init.o
        30          0          0          0          0         68   llshl.o
        32          0          0          0          0         68   llushr.o
        36          0          0          0          0         68   memcpya.o
        36          0          0          0          0        108   memseta.o
        98          0          0          0          0         92   uldiv.o

    ----------------------------------------------------------------------
       320         16          0          0          0        472   Library Totals
         2          0          0          0          0          0   (incl. Padding)

    ----------------------------------------------------------------------

      Code (inc. data)   RO Data    RW Data    ZI Data      Debug   Library Name

       318         16          0          0          0        472   mc_w.l

    ----------------------------------------------------------------------
       320         16          0          0          0        472   Library Totals

    ----------------------------------------------------------------------

==============================================================================


      Code (inc. data)   RO Data    RW Data    ZI Data      Debug   

      9008        404        836        176      39272     215096   Grand Totals
      9008        404        836        176      39272     215096   ELF Image Totals
      9008        404        836        176          0          0   ROM Totals

==============================================================================

    Total RO  Size (Code + RO Data)                 9844 (   9.61kB)
    Total RW  Size (RW Data + ZI Data)             39448 (  38.52kB)
    Total ROM Size (Code + RO Data + RW Data)      10020 (   9.79kB)

==============================================================================

